Component: ARM Compiler 5.05 update 2 (build 169) Tool: armlink [4d0f33]

==============================================================================

Section Cross References

    startup_stm32g031xx.o(RESET) refers to startup_stm32g031xx.o(STACK) for __initial_sp
    startup_stm32g031xx.o(RESET) refers to startup_stm32g031xx.o(.text) for Reset_Handler
    startup_stm32g031xx.o(RESET) refers to stm32g0xx_it.o(i.NMI_Handler) for NMI_Handler
    startup_stm32g031xx.o(RESET) refers to stm32g0xx_it.o(i.HardFault_Handler) for HardFault_Handler
    startup_stm32g031xx.o(RESET) refers to stm32g0xx_it.o(i.SVC_Handler) for SVC_Handler
    startup_stm32g031xx.o(RESET) refers to stm32g0xx_it.o(i.PendSV_Handler) for PendSV_Handler
    startup_stm32g031xx.o(RESET) refers to stm32g0xx_it.o(i.SysTick_Handler) for SysTick_Handler
    startup_stm32g031xx.o(RESET) refers to stm32g0xx_it.o(i.USART1_IRQHandler) for USART1_IRQHandler
    startup_stm32g031xx.o(RESET) refers to stm32g0xx_it.o(i.USART2_IRQHandler) for USART2_IRQHandler
    startup_stm32g031xx.o(.text) refers to system_stm32g0xx.o(i.SystemInit) for SystemInit
    startup_stm32g031xx.o(.text) refers to entry.o(.ARM.Collect$$$$00000000) for __main
    oled.o(i.CS_OLED_Init) refers to stm32g0xx_hal_gpio.o(i.HAL_GPIO_Init) for HAL_GPIO_Init
    oled.o(i.CS_OLED_Init) refers to stm32g0xx_hal_gpio.o(i.HAL_GPIO_WritePin) for HAL_GPIO_WritePin
    oled.o(i.CS_OLED_Init) refers to stm32g0xx_hal.o(i.HAL_Delay) for HAL_Delay
    oled.o(i.CS_OLED_Init) refers to oled.o(i.OLED_WR_Byte) for OLED_WR_Byte
    oled.o(i.CS_OLED_Init) refers to oled.o(i.OLED_Clear) for OLED_Clear
    oled.o(i.CS_OLED_Init) refers to oled.o(i.OLED_Set_Pos) for OLED_Set_Pos
    oled.o(i.OLED_Clear) refers to oled.o(i.OLED_WR_Byte) for OLED_WR_Byte
    oled.o(i.OLED_Display_Off) refers to oled.o(i.OLED_WR_Byte) for OLED_WR_Byte
    oled.o(i.OLED_Display_On) refers to oled.o(i.OLED_WR_Byte) for OLED_WR_Byte
    oled.o(i.OLED_DrawBMP) refers to oled.o(i.OLED_Set_Pos) for OLED_Set_Pos
    oled.o(i.OLED_DrawBMP) refers to oled.o(i.OLED_WR_Byte) for OLED_WR_Byte
    oled.o(i.OLED_Set_Pos) refers to oled.o(i.OLED_WR_Byte) for OLED_WR_Byte
    oled.o(i.OLED_ShowCHinese) refers to oled.o(i.OLED_Set_Pos) for OLED_Set_Pos
    oled.o(i.OLED_ShowCHinese) refers to oled.o(i.OLED_WR_Byte) for OLED_WR_Byte
    oled.o(i.OLED_ShowCHinese) refers to oled.o(.constdata) for .constdata
    oled.o(i.OLED_ShowChar) refers to oled.o(i.OLED_Set_Pos) for OLED_Set_Pos
    oled.o(i.OLED_ShowChar) refers to oled.o(i.OLED_WR_Byte) for OLED_WR_Byte
    oled.o(i.OLED_ShowChar) refers to oled.o(.constdata) for .constdata
    oled.o(i.OLED_ShowNum) refers to oled.o(i.oled_pow) for oled_pow
    oled.o(i.OLED_ShowNum) refers to uidiv.o(.text) for __aeabi_uidivmod
    oled.o(i.OLED_ShowNum) refers to oled.o(i.OLED_ShowChar) for OLED_ShowChar
    oled.o(i.OLED_ShowString) refers to oled.o(i.OLED_ShowChar) for OLED_ShowChar
    oled.o(i.OLED_WR_Byte) refers to stm32g0xx_hal_gpio.o(i.HAL_GPIO_WritePin) for HAL_GPIO_WritePin
    dht11.o(i.Coarse_delay_us) refers to stm32g0xx_hal_rcc.o(i.HAL_RCC_GetHCLKFreq) for HAL_RCC_GetHCLKFreq
    dht11.o(i.Coarse_delay_us) refers to uidiv.o(.text) for __aeabi_uidivmod
    dht11.o(i.DHT11_Check) refers to dht11.o(i.Coarse_delay_us) for Coarse_delay_us
    dht11.o(i.DHT11_Check) refers to stm32g0xx_hal_gpio.o(i.HAL_GPIO_ReadPin) for HAL_GPIO_ReadPin
    dht11.o(i.DHT11_GPIO_MODE_SET) refers to stm32g0xx_hal_gpio.o(i.HAL_GPIO_Init) for HAL_GPIO_Init
    dht11.o(i.DHT11_READ_BIT) refers to stm32g0xx_hal_gpio.o(i.HAL_GPIO_ReadPin) for HAL_GPIO_ReadPin
    dht11.o(i.DHT11_READ_BIT) refers to dht11.o(i.Coarse_delay_us) for Coarse_delay_us
    dht11.o(i.DHT11_READ_BYTE) refers to dht11.o(i.DHT11_READ_BIT) for DHT11_READ_BIT
    dht11.o(i.DHT11_READ_DATA) refers to dht11.o(i.DHT11_START) for DHT11_START
    dht11.o(i.DHT11_READ_DATA) refers to dht11.o(i.DHT11_Check) for DHT11_Check
    dht11.o(i.DHT11_READ_DATA) refers to stm32g0xx_hal_gpio.o(i.HAL_GPIO_ReadPin) for HAL_GPIO_ReadPin
    dht11.o(i.DHT11_READ_DATA) refers to dht11.o(i.DHT11_READ_BYTE) for DHT11_READ_BYTE
    dht11.o(i.DHT11_READ_DATA) refers to dht11.o(.data) for .data
    dht11.o(i.DHT11_START) refers to dht11.o(i.DHT11_GPIO_MODE_SET) for DHT11_GPIO_MODE_SET
    dht11.o(i.DHT11_START) refers to stm32g0xx_hal_gpio.o(i.HAL_GPIO_WritePin) for HAL_GPIO_WritePin
    dht11.o(i.DHT11_START) refers to stm32g0xx_hal.o(i.HAL_Delay) for HAL_Delay
    dht11.o(i.PY_Delay_us) refers to stm32g0xx_hal_rcc.o(i.HAL_RCC_GetHCLKFreq) for HAL_RCC_GetHCLKFreq
    dht11.o(i.PY_Delay_us) refers to uidiv.o(.text) for __aeabi_uidivmod
    dht11.o(i.PY_Delay_us) refers to stm32g0xx_hal_cortex.o(i.HAL_SYSTICK_Config) for HAL_SYSTICK_Config
    dht11.o(i.PY_Delay_us) refers to stm32g0xx_hal.o(i.HAL_Delay) for HAL_Delay
    esp8266.o(i.ESP8266_CONNECT_SERVER) refers to memseta.o(.text) for __aeabi_memclr
[...]
    ..\Core\Src\main.c                       0x00000000   Number         0  main.o ABSOLUTE
    ..\Core\Src\oled.c                       0x00000000   Number         0  oled.o ABSOLUTE
    ..\Core\Src\stm32g0xx_hal_msp.c          0x00000000   Number         0  stm32g0xx_hal_msp.o ABSOLUTE
    ..\Core\Src\stm32g0xx_it.c               0x00000000   Number         0  stm32g0xx_it.o ABSOLUTE
    ..\Core\Src\system_stm32g0xx.c           0x00000000   Number         0  system_stm32g0xx.o ABSOLUTE
    ..\Core\Src\usart.c                      0x00000000   Number         0  usart.o ABSOLUTE
    ..\Core\Src\wwsn_control_utils.c         0x00000000   Number         0  wwsn_control_utils.o ABSOLUTE
    ..\Core\Src\wwsn_lora_route.c            0x00000000   Number         0  wwsn_lora_route.o ABSOLUTE
    ..\Core\Src\wwsn_runtime.c               0x00000000   Number         0  wwsn_runtime.o ABSOLUTE
    ..\Core\Src\wwsn_rx.c                    0x00000000   Number         0  wwsn_rx.o ABSOLUTE
    ..\Core\Src\wwsn_tx.c                    0x00000000   Number         0  wwsn_tx.o ABSOLUTE
    ..\Drivers\STM32G0xx_HAL_Driver\Src\stm32g0xx_hal.c 0x00000000   Number         0  stm32g0xx_hal.o ABSOLUTE
    ..\Drivers\STM32G0xx_HAL_Driver\Src\stm32g0xx_hal_cortex.c 0x00000000   Number         0  stm32g0xx_hal_cortex.o ABSOLUTE
    ..\Drivers\STM32G0xx_HAL_Driver\Src\stm32g0xx_hal_dma.c 0x00000000   Number         0  stm32g0xx_hal_dma.o ABSOLUTE
    ..\Drivers\STM32G0xx_HAL_Driver\Src\stm32g0xx_hal_dma_ex.c 0x00000000   Number         0  stm32g0xx_hal_dma_ex.o ABSOLUTE
    ..\Drivers\STM32G0xx_HAL_Driver\Src\stm32g0xx_hal_exti.c 0x00000000   Number         0  stm32g0xx_hal_exti.o ABSOLUTE
    ..\Drivers\STM32G0xx_HAL_Driver\Src\stm32g0xx_hal_flash.c 0x00000000   Number         0  stm32g0xx_hal_flash.o ABSOLUTE
    ..\Drivers\STM32G0xx_HAL_Driver\Src\stm32g0xx_hal_flash_ex.c 0x00000000   Number         0  stm32g0xx_hal_flash_ex.o ABSOLUTE
    ..\Drivers\STM32G0xx_HAL_Driver\Src\stm32g0xx_hal_gpio.c 0x00000000   Number         0  stm32g0xx_hal_gpio.o ABSOLUTE
    ..\Drivers\STM32G0xx_HAL_Driver\Src\stm32g0xx_hal_pwr.c 0x00000000   Number         0  stm32g0xx_hal_pwr.o ABSOLUTE
    ..\Drivers\STM32G0xx_HAL_Driver\Src\stm32g0xx_hal_pwr_ex.c 0x00000000   Number         0  stm32g0xx_hal_pwr_ex.o ABSOLUTE
    ..\Drivers\STM32G0xx_HAL_Driver\Src\stm32g0xx_hal_rcc.c 0x00000000   Number         0  stm32g0xx_hal_rcc.o ABSOLUTE
    ..\Drivers\STM32G0xx_HAL_Driver\Src\stm32g0xx_hal_rcc_ex.c 0x00000000   Number         0  stm32g0xx_hal_rcc_ex.o ABSOLUTE
    ..\Drivers\STM32G0xx_HAL_Driver\Src\stm32g0xx_hal_tim.c 0x00000000   Number         0  stm32g0xx_hal_tim.o ABSOLUTE
    ..\Drivers\STM32G0xx_HAL_Driver\Src\stm32g0xx_hal_tim_ex.c 0x00000000   Number         0  stm32g0xx_hal_tim_ex.o ABSOLUTE
    ..\Drivers\STM32G0xx_HAL_Driver\Src\stm32g0xx_hal_uart.c 0x00000000   Number         0  stm32g0xx_hal_uart.o ABSOLUTE
    ..\Drivers\STM32G0xx_HAL_Driver\Src\stm32g0xx_hal_uart_ex.c 0x00000000   Number         0  stm32g0xx_hal_uart_ex.o ABSOLUTE
    ..\\Core\\Src\\dht11.c                   0x00000000   Number         0  dht11.o ABSOLUTE
    ..\\Core\\Src\\esp8266.c                 0x00000000   Number         0  esp8266.o ABSOLUTE
    ..\\Core\\Src\\oled.c                    0x00000000   Number         0  oled.o ABSOLUTE
    cdrcmple.s                               0x00000000   Number         0  cdrcmple.o ABSOLUTE
    dc.s                                     0x00000000   Number         0  dc.o ABSOLUTE
    handlers.s                               0x00000000   Number         0  handlers.o ABSOLUTE
    init.s                                   0x00000000   Number         0  init.o ABSOLUTE
    startup_stm32g031xx.s                    0x00000000   Number         0  startup_stm32g031xx.o ABSOLUTE
    RESET                                    0x08000000   Section      192  startup_stm32g031xx.o(RESET)
    .ARM.Collect$$$$00000000                 0x080000c0   Section        0  entry.o(.ARM.Collect$$$$00000000)
    .ARM.Collect$$$$00000001                 0x080000c0   Section        4  entry2.o(.ARM.Collect$$$$00000001)
    .ARM.Collect$$$$00000004                 0x080000c4   Section        4  entry5.o(.ARM.Collect$$$$00000004)
    .ARM.Collect$$$$00000008                 0x080000c8   Section        0  entry7b.o(.ARM.Collect$$$$00000008)
    .ARM.Collect$$$$0000000A                 0x080000c8   Section        0  entry8b.o(.ARM.Collect$$$$0000000A)
    .ARM.Collect$$$$0000000B                 0x080000c8   Section        8  entry9a.o(.ARM.Collect$$$$0000000B)
    .ARM.Collect$$$$0000000D                 0x080000d0   Section        0  entry10a.o(.ARM.Collect$$$$0000000D)
    .ARM.Collect$$$$0000000F                 0x080000d0   Section        0  entry11a.o(.ARM.Collect$$$$0000000F)
    .ARM.Collect$$$$00002712                 0x080000d0   Section        4  entry2.o(.ARM.Collect$$$$00002712)
    __lit__00000000                          0x080000d0   Data           4  entry2.o(.ARM.Collect$$$$00002712)
    .text                                    0x080000d4   Section       28  startup_stm32g031xx.o(.text)
    .text                                    0x080000f0   Section        0  uidiv.o(.text)
    .text                                    0x0800011c   Section        0  idiv.o(.text)
    .text                                    0x08000144   Section        0  uldiv.o(.text)
    .text                                    0x080001a4   Section        0  rand.o(.text)
    .text                                    0x080001c8   Section        0  memcpya.o(.text)
    .text                                    0x080001ec   Section        0  memseta.o(.text)
    .text                                    0x08000210   Section        0  strncpy.o(.text)
    .text                                    0x0800022a   Section        0  strlen.o(.text)
    .text                                    0x08000238   Section        0  strcmp.o(.text)
    .text                                    0x08000254   Section        0  strncmp.o(.text)
    .text                                    0x08000274   Section        0  strtok.o(.text)
    .text                                    0x080002bc   Section        0  strtol.o(.text)
    .text                                    0x0800032c   Section        0  strtoul.o(.text)
    .text                                    0x080003a2   Section        0  llshl.o(.text)
    .text                                    0x080003c2   Section        0  llushr.o(.text)
    .text                                    0x080003e4   Section        0  ctype_o.o(.text)
    .text                                    0x080003ec   Section        0  _strtoul.o(.text)
    .text                                    0x08000492   Section        0  iusefp.o(.text)
    .text                                    0x08000494   Section        0  dadd.o(.text)
    .text                                    0x080005f8   Section        0  dmul.o(.text)
    .text                                    0x080006c8   Section        0  ddiv.o(.text)
    .text                                    0x080007b8   Section        0  dfixul.o(.text)
    .text                                    0x080007f8   Section       40  cdrcmple.o(.text)
    .text                                    0x08000820   Section       36  init.o(.text)
    .text                                    0x08000844   Section        0  llsshr.o(.text)
    .text                                    0x0800086a   Section        0  _chval.o(.text)
    .text                                    0x08000888   Section        0  depilogue.o(.text)
    i.CS_OLED_Init                           0x08000948   Section        0  oled.o(i.CS_OLED_Init)
    i.CS_Reg_Send_Data                       0x08000ae0   Section        0  usart.o(i.CS_Reg_Send_Data)
    i.Coarse_delay_us                        0x08000b20   Section        0  dht11.o(i.Coarse_delay_us)
    i.DHT11_Check                            0x08000b3c   Section        0  dht11.o(i.DHT11_Check)
    i.DHT11_GPIO_MODE_SET                    0x08000b5c   Section        0  dht11.o(i.DHT11_GPIO_MODE_SET)
    DHT11_GPIO_MODE_SET                      0x08000b5d   Thumb Code    44  dht11.o(i.DHT11_GPIO_MODE_SET)
    i.DHT11_READ_BIT                         0x08000b8c   Section        0  dht11.o(i.DHT11_READ_BIT)
    i.DHT11_READ_BYTE                        0x08000bc4   Section        0  dht11.o(i.DHT11_READ_BYTE)
    i.DHT11_READ_DATA                        0x08000be8   Section        0  dht11.o(i.DHT11_READ_DATA)
    i.DHT11_START                            0x08000c48   Section        0  dht11.o(i.DHT11_START)
    i.Error_Handler                          0x08000c6c   Section        0  main.o(i.Error_Handler)
    i.HAL_DMA_Abort                          0x08000c70   Section        0  stm32g0xx_hal_dma.o(i.HAL_DMA_Abort)
    i.HAL_DMA_Abort_IT                       0x08000ce4   Section        0  stm32g0xx_hal_dma.o(i.HAL_DMA_Abort_IT)
    i.HAL_Delay                              0x08000d60   Section        0  stm32g0xx_hal.o(i.HAL_Delay)
    i.HAL_GPIO_Init                          0x08000d84   Section        0  stm32g0xx_hal_gpio.o(i.HAL_GPIO_Init)
    i.HAL_GPIO_ReadPin                       0x08000ee0   Section        0  stm32g0xx_hal_gpio.o(i.HAL_GPIO_ReadPin)
    i.HAL_GPIO_WritePin                      0x08000eea   Section        0  stm32g0xx_hal_gpio.o(i.HAL_GPIO_WritePin)
    i.HAL_GetTick                            0x08000ef8   Section        0  stm32g0xx_hal.o(i.HAL_GetTick)
    i.HAL_GetUIDw0                           0x08000f04   Section        0  stm32g0xx_hal.o(i.HAL_GetUIDw0)
    i.HAL_GetUIDw1                           0x08000f10   Section        0  stm32g0xx_hal.o(i.HAL_GetUIDw1)
    i.HAL_GetUIDw2                           0x08000f1c   Section        0  stm32g0xx_hal.o(i.HAL_GetUIDw2)
    i.HAL_IncTick                            0x08000f28   Section        0  stm32g0xx_hal.o(i.HAL_IncTick)
    i.HAL_Init                               0x08000f38   Section        0  stm32g0xx_hal.o(i.HAL_Init)
    i.HAL_InitTick                           0x08000f60   Section        0  stm32g0xx_hal.o(i.HAL_InitTick)
    i.HAL_MspInit                            0x08000fa8   Section        0  stm32g0xx_hal_msp.o(i.HAL_MspInit)
    i.HAL_NVIC_EnableIRQ                     0x08000fd4   Section        0  stm32g0xx_hal_cortex.o(i.HAL_NVIC_EnableIRQ)
    i.HAL_NVIC_SetPriority                   0x08000fec   Section        0  stm32g0xx_hal_cortex.o(i.HAL_NVIC_SetPriority)
    i.HAL_PWREx_ControlVoltageScaling        0x08000ff4   Section        0  stm32g0xx_hal_pwr_ex.o(i.HAL_PWREx_ControlVoltageScaling)
    i.HAL_RCCEx_PeriphCLKConfig              0x08001040   Section        0  stm32g0xx_hal_rcc_ex.o(i.HAL_RCCEx_PeriphCLKConfig)
    i.HAL_RCC_ClockConfig                    0x080011f0   Section        0  stm32g0xx_hal_rcc.o(i.HAL_RCC_ClockConfig)
    i.HAL_RCC_GetHCLKFreq                    0x08001348   Section        0  stm32g0xx_hal_rcc.o(i.HAL_RCC_GetHCLKFreq)
    i.HAL_RCC_GetPCLK1Freq                   0x08001354   Section        0  stm32g0xx_hal_rcc.o(i.HAL_RCC_GetPCLK1Freq)
    i.HAL_RCC_GetSysClockFreq                0x0800137c   Section        0  stm32g0xx_hal_rcc.o(i.HAL_RCC_GetSysClockFreq)
    i.HAL_RCC_OscConfig                      0x08001408   Section        0  stm32g0xx_hal_rcc.o(i.HAL_RCC_OscConfig)
    i.HAL_SYSTICK_Config                     0x080017f8   Section        0  stm32g0xx_hal_cortex.o(i.HAL_SYSTICK_Config)
    i.HAL_UARTEx_DisableFifoMode             0x08001828   Section        0  stm32g0xx_hal_uart_ex.o(i.HAL_UARTEx_DisableFifoMode)
    i.HAL_UARTEx_RxEventCallback             0x08001864   Section        0  stm32g0xx_hal_uart.o(i.HAL_UARTEx_RxEventCallback)
    i.HAL_UARTEx_RxFifoFullCallback          0x08001866   Section        0  stm32g0xx_hal_uart_ex.o(i.HAL_UARTEx_RxFifoFullCallback)
    i.HAL_UARTEx_SetRxFifoThreshold          0x08001868   Section        0  stm32g0xx_hal_uart_ex.o(i.HAL_UARTEx_SetRxFifoThreshold)
    i.HAL_UARTEx_SetTxFifoThreshold          0x080018b0   Section        0  stm32g0xx_hal_uart_ex.o(i.HAL_UARTEx_SetTxFifoThreshold)
    i.HAL_UARTEx_TxFifoEmptyCallback         0x080018f6   Section        0  stm32g0xx_hal_uart_ex.o(i.HAL_UARTEx_TxFifoEmptyCallback)
    i.HAL_UARTEx_WakeupCallback              0x080018f8   Section        0  stm32g0xx_hal_uart_ex.o(i.HAL_UARTEx_WakeupCallback)
    i.HAL_UART_ErrorCallback                 0x080018fa   Section        0  stm32g0xx_hal_uart.o(i.HAL_UART_ErrorCallback)
    i.HAL_UART_IRQHandler                    0x080018fc   Section        0  stm32g0xx_hal_uart.o(i.HAL_UART_IRQHandler)
    i.HAL_UART_Init                          0x08001b60   Section        0  stm32g0xx_hal_uart.o(i.HAL_UART_Init)
    i.HAL_UART_MspInit                       0x08001bcc   Section        0  usart.o(i.HAL_UART_MspInit)
    i.HAL_UART_Receive                       0x08001c88   Section        0  stm32g0xx_hal_uart.o(i.HAL_UART_Receive)
    i.HAL_UART_Transmit                      0x08001d9c   Section        0  stm32g0xx_hal_uart.o(i.HAL_UART_Transmit)
    i.HAL_UART_TxCpltCallback                0x08001e74   Section        0  stm32g0xx_hal_uart.o(i.HAL_UART_TxCpltCallback)
    i.HardFault_Handler                      0x08001e76   Section        0  stm32g0xx_it.o(i.HardFault_Handler)
    i.MX_GPIO_Init                           0x08001e78   Section        0  gpio.o(i.MX_GPIO_Init)
    i.MX_USART1_UART_Init                    0x08001f40   Section        0  usart.o(i.MX_USART1_UART_Init)
    i.MX_USART2_UART_Init                    0x08001fa8   Section        0  usart.o(i.MX_USART2_UART_Init)
    i.NMI_Handler                            0x08001fe4   Section        0  stm32g0xx_it.o(i.NMI_Handler)
    i.OLED_Clear                             0x08001fe6   Section        0  oled.o(i.OLED_Clear)
    i.OLED_Set_Pos                           0x08002022   Section        0  oled.o(i.OLED_Set_Pos)
    i.OLED_ShowChar                          0x0800204c   Section        0  oled.o(i.OLED_ShowChar)
    i.OLED_ShowString                        0x080020a8   Section        0  oled.o(i.OLED_ShowString)
    i.OLED_WR_Byte                           0x080020d6   Section        0  oled.o(i.OLED_WR_Byte)
    i.PendSV_Handler                         0x08002134   Section        0  stm32g0xx_it.o(i.PendSV_Handler)
    i.SVC_Handler                            0x08002136   Section        0  stm32g0xx_it.o(i.SVC_Handler)
    i.SysTick_Handler                        0x08002138   Section        0  stm32g0xx_it.o(i.SysTick_Handler)
    i.SystemClock_Config                     0x08002140   Section        0  main.o(i.SystemClock_Config)
    i.SystemInit                             0x080021c8   Section        0  system_stm32g0xx.o(i.SystemInit)
    i.UARTEx_SetNbDataToProcess              0x080021d8   Section        0  stm32g0xx_hal_uart_ex.o(i.UARTEx_SetNbDataToProcess)
    UARTEx_SetNbDataToProcess                0x080021d9   Thumb Code    80  stm32g0xx_hal_uart_ex.o(i.UARTEx_SetNbDataToProcess)
    i.UART_AdvFeatureConfig                  0x08002238   Section        0  stm32g0xx_hal_uart.o(i.UART_AdvFeatureConfig)
    i.UART_CheckIdleState                    0x08002304   Section        0  stm32g0xx_hal_uart.o(i.UART_CheckIdleState)
    i.UART_DMAAbortOnError                   0x08002368   Section        0  stm32g0xx_hal_uart.o(i.UART_DMAAbortOnError)
    UART_DMAAbortOnError                     0x08002369   Thumb Code    20  stm32g0xx_hal_uart.o(i.UART_DMAAbortOnError)
    i.UART_EndRxTransfer                     0x0800237c   Section        0  stm32g0xx_hal_uart.o(i.UART_EndRxTransfer)
    UART_EndRxTransfer                       0x0800237d   Thumb Code    52  stm32g0xx_hal_uart.o(i.UART_EndRxTransfer)
    i.UART_SetConfig                         0x080023b4   Section        0  stm32g0xx_hal_uart.o(i.UART_SetConfig)
    i.UART_WaitOnFlagUntilTimeout            0x080025c4   Section        0  stm32g0xx_hal_uart.o(i.UART_WaitOnFlagUntilTimeout)
    i.USART1_IRQHandler                      0x08002660   Section        0  stm32g0xx_it.o(i.USART1_IRQHandler)
    i.USART2_IRQHandler                      0x08002674   Section        0  stm32g0xx_it.o(i.USART2_IRQHandler)
    i.USART2_printf                          0x08002688   Section        0  usart.o(i.USART2_printf)
    i.USART_Interupt_Enable                  0x080026cc   Section        0  usart.o(i.USART_Interupt_Enable)
    i.USER_UartHandler                       0x08002708   Section        0  usart.o(i.USER_UartHandler)
    i.__0printf                              0x080027dc   Section        0  printfa.o(i.__0printf)
    i.__0snprintf                            0x080027fc   Section        0  printfa.o(i.__0snprintf)
    i.__0sprintf                             0x08002828   Section        0  printfa.o(i.__0sprintf)
    i.__0vsprintf                            0x08002850   Section        0  printfa.o(i.__0vsprintf)
    i.__ARM_clz                              0x08002874   Section        0  depilogue.o(i.__ARM_clz)
    i.__ARM_common_switch8                   0x080028a2   Section        0  wwsn_control_utils.o(i.__ARM_common_switch8)
    i.__NVIC_SetPriority                     0x080028bc   Section        0  stm32g0xx_hal_cortex.o(i.__NVIC_SetPriority)
    __NVIC_SetPriority                       0x080028bd   Thumb Code    60  stm32g0xx_hal_cortex.o(i.__NVIC_SetPriority)
    i.__aeabi_errno_addr                     0x08002900   Section        0  errno.o(i.__aeabi_errno_addr)
    i.__free$realloc                         0x08002908   Section        0  mallocr.o(i.__free$realloc)
    i.__malloc$realloc                       0x0800296c   Section        0  mallocr.o(i.__malloc$realloc)
    i.__scatterload_copy                     0x080029b4   Section       14  handlers.o(i.__scatterload_copy)
    i.__scatterload_null                     0x080029c2   Section        2  handlers.o(i.__scatterload_null)
    i.__scatterload_zeroinit                 0x080029c4   Section       14  handlers.o(i.__scatterload_zeroinit)
    i._fp_digits                             0x080029d4   Section        0  printfa.o(i._fp_digits)
    _fp_digits                               0x080029d5   Thumb Code   316  printfa.o(i._fp_digits)
    i._printf_core                           0x08002b2c   Section        0  printfa.o(i._printf_core)
    _printf_core                             0x08002b2d   Thumb Code  1754  printfa.o(i._printf_core)
    i._printf_post_padding                   0x08003218   Section        0  printfa.o(i._printf_post_padding)
    _printf_post_padding                     0x08003219   Thumb Code    32  printfa.o(i._printf_post_padding)
    i._printf_pre_padding                    0x08003238   Section        0  printfa.o(i._printf_pre_padding)
    _printf_pre_padding                      0x08003239   Thumb Code    44  printfa.o(i._printf_pre_padding)
    i._snputc                                0x08003264   Section        0  printfa.o(i._snputc)
    _snputc                                  0x08003265   Thumb Code    22  printfa.o(i._snputc)
    i._sputc                                 0x0800327a   Section        0  printfa.o(i._sputc)
    _sputc                                   0x0800327b   Thumb Code    10  printfa.o(i._sputc)
    i.addRoutingEntry                        0x08003284   Section        0  wwsn_lora_route.o(i.addRoutingEntry)
    i.applyControlCommand                    0x0800337c   Section        0  wwsn_control_utils.o(i.applyControlCommand)
    i.cmdFromString                          0x080034ac   Section        0  wwsn_control_utils.o(i.cmdFromString)
    i.cmdToString                            0x0800352c   Section        0  wwsn_control_utils.o(i.cmdToString)
    i.configureModule                        0x08003580   Section        0  wwsn_lora_route.o(i.configureModule)
    i.configureModuleRegisters               0x080035a4   Section        0  wwsn_lora_route.o(i.configureModuleRegisters)
    i.cstxInitialize                         0x0800362c   Section        0  gpio.o(i.cstxInitialize)
    i.cstx_reg_Receive_Data                  0x080036c0   Section        0  usart.o(i.cstx_reg_Receive_Data)
    i.decideMalicious                        0x080036f8   Section        0  wwsn_control_utils.o(i.decideMalicious)
    i.deleteRoutingEntry                     0x08003730   Section        0  wwsn_lora_route.o(i.deleteRoutingEntry)
    i.fabricateSniffData                     0x08003764   Section        0  wwsn_control_utils.o(i.fabricateSniffData)
    i.findRoute                              0x0800377c   Section        0  wwsn_lora_route.o(i.findRoute)
    i.findSniffID                            0x080037ec   Section        0  wwsn_rx.o(i.findSniffID)
    i.fputc                                  0x0800381c   Section        0  usart.o(i.fputc)
    i.getDeviceUID                           0x08003838   Section        0  wwsn_control_utils.o(i.getDeviceUID)
    i.getEnvirRSSI                           0x08003850   Section        0  wwsn_lora_route.o(i.getEnvirRSSI)
    i.handleReceivedPacket                   0x08003904   Section        0  wwsn_rx.o(i.handleReceivedPacket)
    i.initControlCache                       0x08003964   Section        0  wwsn_control_utils.o(i.initControlCache)
    i.initDeviceUID                          0x08003988   Section        0  wwsn_control_utils.o(i.initDeviceUID)
    i.initRouteReqCache                      0x080039c8   Section        0  wwsn_control_utils.o(i.initRouteReqCache)
    i.internal_alloc                         0x080039e8   Section        0  mallocr.o(i.internal_alloc)
    internal_alloc                           0x080039e9   Thumb Code    74  mallocr.o(i.internal_alloc)
    i.isBetterRoute                          0x08003a38   Section        0  wwsn_lora_route.o(i.isBetterRoute)
    i.isDuplicateControl                     0x08003a4c   Section        0  wwsn_control_utils.o(i.isDuplicateControl)
    i.isDuplicateRouteReq                    0x08003ac0   Section        0  wwsn_control_utils.o(i.isDuplicateRouteReq)
    i.main                                   0x08003b28   Section        0  main.o(i.main)
    i.parseControlString                     0x08003f08   Section        0  wwsn_control_utils.o(i.parseControlString)
    i.processControlAckPacket                0x08003fb4   Section        0  wwsn_rx.o(i.processControlAckPacket)
    i.processControlPacket                   0x08004010   Section        0  wwsn_rx.o(i.processControlPacket)
    i.processDataPacket                      0x080040d0   Section        0  wwsn_rx.o(i.processDataPacket)
    i.processJoinAssign                      0x0800438c   Section        0  wwsn_rx.o(i.processJoinAssign)
    i.processRouteReply                      0x080044f0   Section        0  wwsn_rx.o(i.processRouteReply)
    i.processRouteRequest                    0x08004598   Section        0  wwsn_rx.o(i.processRouteRequest)
    i.processStatusPacket                    0x08004648   Section        0  wwsn_rx.o(i.processStatusPacket)
    i.pruneRoutingTable                      0x0800469c   Section        0  wwsn_lora_route.o(i.pruneRoutingTable)
    i.realloc                                0x080046e8   Section        0  mallocr.o(i.realloc)
    i.restoreData                            0x0800475c   Section        0  wwsn_control_utils.o(i.restoreData)
    i.sanitizeData                           0x08004774   Section        0  wwsn_control_utils.o(i.sanitizeData)
    i.seedRandom                             0x0800478c   Section        0  wwsn_control_utils.o(i.seedRandom)
    i.sendAckPacket                          0x080047a4   Section        0  wwsn_tx.o(i.sendAckPacket)
    i.sendControlAckPacket                   0x080047f0   Section        0  wwsn_tx.o(i.sendControlAckPacket)
    i.sendDataPacket                         0x080048e8   Section        0  wwsn_tx.o(i.sendDataPacket)
    i.sendJoinRequest                        0x0800491c   Section        0  wwsn_tx.o(i.sendJoinRequest)
    i.sendRouteReply                         0x080049ac   Section        0  wwsn_tx.o(i.sendRouteReply)
    i.sendRouteRequest                       0x08004a00   Section        0  wwsn_tx.o(i.sendRouteRequest)
    i.sendSensorData                         0x08004a54   Section        0  wwsn_runtime.o(i.sendSensorData)
    i.sendStatusPacket                       0x08004c10   Section        0  wwsn_tx.o(i.sendStatusPacket)
    i.sniff                                  0x08004d34   Section        0  wwsn_rx.o(i.sniff)
    i.updateNodeDisplay                      0x08004e48   Section        0  wwsn_runtime.o(i.updateNodeDisplay)
    i.updateOnOff                            0x08004e7c   Section        0  wwsn_control_utils.o(i.updateOnOff)
    i.writeAsciiData                         0x08004eb8   Section        0  wwsn_control_utils.o(i.writeAsciiData)
    .constdata                               0x08004ee4   Section     2480  oled.o(.constdata)
    .constdata                               0x08005894   Section       24  stm32g0xx_hal_uart.o(.constdata)
    .constdata                               0x080058ac   Section       64  system_stm32g0xx.o(.constdata)
    .constdata                               0x080058ec   Section       32  system_stm32g0xx.o(.constdata)
    .constdata                               0x0800590c   Section      129  ctype_o.o(.constdata)
    .constdata                               0x08005990   Section        4  ctype_o.o(.constdata)
    table                                    0x08005990   Data           4  ctype_o.o(.constdata)
    .conststring                             0x08005994   Section       67  main.o(.conststring)
    .conststring                             0x080059d8   Section       67  wwsn_rx.o(.conststring)
    .data                                    0x20000000   Section        5  dht11.o(.data)
    .data                                    0x20000008   Section       66  main.o(.data)
    .data                                    0x2000004a   Section        1  main.o(.data)
    .data                                    0x2000004b   Section        1  main.o(.data)
    .data                                    0x2000004c   Section        1  main.o(.data)
    .data                                    0x2000004d   Section        1  main.o(.data)
    .data                                    0x2000004e   Section        1  main.o(.data)
    .data                                    0x2000004f   Section        1  main.o(.data)
    .data                                    0x20000050   Section        1  main.o(.data)
    .data                                    0x20000051   Section        1  main.o(.data)
    .data                                    0x20000054   Section        4  main.o(.data)
    .data                                    0x20000058   Section        4  main.o(.data)
    .data                                    0x2000005c   Section        4  main.o(.data)
    .data                                    0x20000060   Section        4  main.o(.data)
    .data                                    0x20000064   Section        1  main.o(.data)
    .data                                    0x20000065   Section        1  main.o(.data)
    .data                                    0x20000066   Section        1  main.o(.data)
    .data                                    0x20000068   Section        4  main.o(.data)
    .data                                    0x2000006c   Section        8  main.o(.data)
    .data                                    0x20000074   Section       10  usart.o(.data)
    rxConut2                                 0x20000075   Data           1  usart.o(.data)
    OnPow                                    0x20000077   Data           1  usart.o(.data)
    OnPow2                                   0x20000078   Data           1  usart.o(.data)
    .data                                    0x20000080   Section       12  stm32g0xx_hal.o(.data)
    .data                                    0x2000008c   Section        4  system_stm32g0xx.o(.data)
    .data                                    0x20000090   Section        4  rand.o(.data)
    _rand_state                              0x20000090   Data           4  rand.o(.data)
    .data                                    0x20000094   Section        4  strtok.o(.data)
    state                                    0x20000094   Data           4  strtok.o(.data)
    .data                                    0x20000098   Section        4  stdout.o(.data)
    .data                                    0x2000009c   Section        4  mvars.o(.data)
    .data                                    0x200000a0   Section        4  mvars.o(.data)
    .data                                    0x200000a4   Section        4  errno.o(.data)
    _errno                                   0x200000a4   Data           4  errno.o(.data)
    .bss                                     0x200000a8   Section       24  main.o(.bss)
    .bss                                     0x200000c0   Section       64  main.o(.bss)
    .bss                                     0x20000100   Section       64  main.o(.bss)
    .bss                                     0x20000140   Section       51  main.o(.bss)
    .bss                                     0x20000173   Section        9  main.o(.bss)
    .bss                                     0x20000180   Section     1056  usart.o(.bss)
    HEAP                                     0x200005a0   Section      512  startup_stm32g031xx.o(HEAP)
    STACK                                    0x200007a0   Section     1024  startup_stm32g031xx.o(STACK)

    Global Symbols

    Symbol Name                              Value     Ov Type        Size  Object(Section)

    BuildAttributes$$THM_ISAv3M$S$PE$A:L22$X:L11$S22$IEEE1$IW$USESV6$~STKCKD$USESV7$~SHL$OSPACE$ROPI$EBA8$MICROLIB$REQ8$PRES8$EABIv2 0x00000000   Number         0  anon$$obj.o ABSOLUTE
    __ARM_use_no_argv                        0x00000000   Number         0  main.o ABSOLUTE
    _printf_a                                0x00000000   Number         0  stubs.o ABSOLUTE
    _printf_c                                0x00000000   Number         0  stubs.o ABSOLUTE
    _printf_charcount                        0x00000000   Number         0  stubs.o ABSOLUTE
    _printf_d                                0x00000000   Number         0  stubs.o ABSOLUTE
    _printf_e                                0x00000000   Number         0  stubs.o ABSOLUTE
    _printf_f                                0x00000000   Number         0  stubs.o ABSOLUTE
    _printf_flags                            0x00000000   Number         0  stubs.o ABSOLUTE
    _printf_fp_dec                           0x00000000   Number         0  stubs.o ABSOLUTE
    _printf_fp_hex                           0x00000000   Number         0  stubs.o ABSOLUTE
    _printf_g                                0x00000000   Number         0  stubs.o ABSOLUTE
    _printf_i                                0x00000000   Number         0  stubs.o ABSOLUTE
    _printf_int_dec                          0x00000000   Number         0  stubs.o ABSOLUTE
    _printf_l                                0x00000000   Number         0  stubs.o ABSOLUTE
    _printf_lc                               0x00000000   Number         0  stubs.o ABSOLUTE
    _printf_ll                               0x00000000   Number         0  stubs.o ABSOLUTE
    _printf_lld                              0x00000000   Number         0  stubs.o ABSOLUTE
    _printf_lli                              0x00000000   Number         0  stubs.o ABSOLUTE
    _printf_llo                              0x00000000   Number         0  stubs.o ABSOLUTE
    _printf_llu                              0x00000000   Number         0  stubs.o ABSOLUTE
    _printf_llx                              0x00000000   Number         0  stubs.o ABSOLUTE
    _printf_longlong_dec                     0x00000000   Number         0  stubs.o ABSOLUTE
    _printf_longlong_hex                     0x00000000   Number         0  stubs.o ABSOLUTE
    _printf_longlong_oct                     0x00000000   Number         0  stubs.o ABSOLUTE
    _printf_ls                               0x00000000   Number         0  stubs.o ABSOLUTE
    _printf_mbtowc                           0x00000000   Number         0  stubs.o ABSOLUTE
    _printf_n                                0x00000000   Number         0  stubs.o ABSOLUTE
    _printf_o                                0x00000000   Number         0  stubs.o ABSOLUTE
    _printf_p                                0x00000000   Number         0  stubs.o ABSOLUTE
    _printf_percent                          0x00000000   Number         0  stubs.o ABSOLUTE
    _printf_pre_padding                      0x00000000   Number         0  stubs.o ABSOLUTE
    _printf_return_value                     0x00000000   Number         0  stubs.o ABSOLUTE
    _printf_s                                0x00000000   Number         0  stubs.o ABSOLUTE
    _printf_sizespec                         0x00000000   Number         0  stubs.o ABSOLUTE
    _printf_str                              0x00000000   Number         0  stubs.o ABSOLUTE
    _printf_truncate_signed                  0x00000000   Number         0  stubs.o ABSOLUTE
    _printf_truncate_unsigned                0x00000000   Number         0  stubs.o ABSOLUTE
    _printf_u                                0x00000000   Number         0  stubs.o ABSOLUTE
    _printf_wc                               0x00000000   Number         0  stubs.o ABSOLUTE
    _printf_wctomb                           0x00000000   Number         0  stubs.o ABSOLUTE
    _printf_widthprec                        0x00000000   Number         0  stubs.o ABSOLUTE
    _printf_x                                0x00000000   Number         0  stubs.o ABSOLUTE
    __cpp_initialize__aeabi_                  - Undefined Weak Reference
    __cxa_finalize                            - Undefined Weak Reference
    __decompress                              - Undefined Weak Reference
    _clock_init                               - Undefined Weak Reference
    _microlib_exit                            - Undefined Weak Reference
    __Vectors_Size                           0x000000c0   Number         0  startup_stm32g031xx.o ABSOLUTE
    __Vectors                                0x08000000   Data           4  startup_stm32g031xx.o(RESET)
    __Vectors_End                            0x080000c0   Data           0  startup_stm32g031xx.o(RESET)
    __main                                   0x080000c1   Thumb Code     0  entry.o(.ARM.Collect$$$$00000000)
    _main_stk                                0x080000c1   Thumb Code     0  entry2.o(.ARM.Collect$$$$00000001)
    _main_scatterload                        0x080000c5   Thumb Code     0  entry5.o(.ARM.Collect$$$$00000004)
    __main_after_scatterload                 0x080000c9   Thumb Code     0  entry5.o(.ARM.Collect$$$$00000004)
    _main_clock                              0x080000c9   Thumb Code     0  entry7b.o(.ARM.Collect$$$$00000008)
    _main_cpp_init                           0x080000c9   Thumb Code     0  entry8b.o(.ARM.Collect$$$$0000000A)
    _main_init                               0x080000c9   Thumb Code     0  entry9a.o(.ARM.Collect$$$$0000000B)
    __rt_final_cpp                           0x080000d1   Thumb Code     0  entry10a.o(.ARM.Collect$$$$0000000D)
    __rt_final_exit                          0x080000d1   Thumb Code     0  entry11a.o(.ARM.Collect$$$$0000000F)
    Reset_Handler                            0x080000d5   Thumb Code     8  startup_stm32g031xx.o(.text)
    ADC1_IRQHandler                          0x080000e7   Thumb Code     0  startup_stm32g031xx.o(.text)
    DMA1_Ch4_5_DMAMUX1_OVR_IRQHandler        0x080000e7   Thumb Code     0  startup_stm32g031xx.o(.text)
    DMA1_Channel1_IRQHandler                 0x080000e7   Thumb Code     0  startup_stm32g031xx.o(.text)
    DMA1_Channel2_3_IRQHandler               0x080000e7   Thumb Code     0  startup_stm32g031xx.o(.text)
    EXTI0_1_IRQHandler                       0x080000e7   Thumb Code     0  startup_stm32g031xx.o(.text)
    EXTI2_3_IRQHandler                       0x080000e7   Thumb Code     0  startup_stm32g031xx.o(.text)
    EXTI4_15_IRQHandler                      0x080000e7   Thumb Code     0  startup_stm32g031xx.o(.text)
    FLASH_IRQHandler                         0x080000e7   Thumb Code     0  startup_stm32g031xx.o(.text)
    I2C1_IRQHandler                          0x080000e7   Thumb Code     0  startup_stm32g031xx.o(.text)
    I2C2_IRQHandler                          0x080000e7   Thumb Code     0  startup_stm32g031xx.o(.text)
    LPTIM1_IRQHandler                        0x080000e7   Thumb Code     0  startup_stm32g031xx.o(.text)
    LPTIM2_IRQHandler                        0x080000e7   Thumb Code     0  startup_stm32g031xx.o(.text)
    LPUART1_IRQHandler                       0x080000e7   Thumb Code     0  startup_stm32g031xx.o(.text)
    PVD_IRQHandler                           0x080000e7   Thumb Code     0  startup_stm32g031xx.o(.text)
    RCC_IRQHandler                           0x080000e7   Thumb Code     0  startup_stm32g031xx.o(.text)
    RTC_TAMP_IRQHandler                      0x080000e7   Thumb Code     0  startup_stm32g031xx.o(.text)
    SPI1_IRQHandler                          0x080000e7   Thumb Code     0  startup_stm32g031xx.o(.text)
    SPI2_IRQHandler                          0x080000e7   Thumb Code     0  startup_stm32g031xx.o(.text)
    TIM14_IRQHandler                         0x080000e7   Thumb Code     0  startup_stm32g031xx.o(.text)
    TIM16_IRQHandler                         0x080000e7   Thumb Code     0  startup_stm32g031xx.o(.text)
    TIM17_IRQHandler                         0x080000e7   Thumb Code     0  startup_stm32g031xx.o(.text)
    TIM1_BRK_UP_TRG_COM_IRQHandler           0x080000e7   Thumb Code     0  startup_stm32g031xx.o(.text)
    TIM1_CC_IRQHandler                       0x080000e7   Thumb Code     0  startup_stm32g031xx.o(.text)
    TIM2_IRQHandler                          0x080000e7   Thumb Code     0  startup_stm32g031xx.o(.text)
    TIM3_IRQHandler                          0x080000e7   Thumb Code     0  startup_stm32g031xx.o(.text)
    WWDG_IRQHandler                          0x080000e7   Thumb Code     0  startup_stm32g031xx.o(.text)
    __aeabi_uidiv                            0x080000f1   Thumb Code     0  uidiv.o(.text)
    __aeabi_uidivmod                         0x080000f1   Thumb Code    44  uidiv.o(.text)
    __aeabi_idiv                             0x0800011d   Thumb Code     0  idiv.o(.text)
    __aeabi_idivmod                          0x0800011d   Thumb Code    40  idiv.o(.text)
    __aeabi_uldivmod                         0x08000145   Thumb Code    96  uldiv.o(.text)
    rand                                     0x080001a5   Thumb Code    18  rand.o(.text)
    srand                                    0x080001b7   Thumb Code     6  rand.o(.text)
    __aeabi_memcpy                           0x080001c9   Thumb Code    36  memcpya.o(.text)
    __aeabi_memcpy4                          0x080001c9   Thumb Code     0  memcpya.o(.text)
    __aeabi_memcpy8                          0x080001c9   Thumb Code     0  memcpya.o(.text)
    __aeabi_memset                           0x080001ed   Thumb Code    14  memseta.o(.text)
    __aeabi_memset4                          0x080001ed   Thumb Code     0  memseta.o(.text)
    __aeabi_memset8                          0x080001ed   Thumb Code     0  memseta.o(.text)
    __aeabi_memclr                           0x080001fb   Thumb Code     4  memseta.o(.text)
    __aeabi_memclr4                          0x080001fb   Thumb Code     0  memseta.o(.text)
    __aeabi_memclr8                          0x080001fb   Thumb Code     0  memseta.o(.text)
    _memset$wrapper                          0x080001ff   Thumb Code    18  memseta.o(.text)
    strncpy                                  0x08000211   Thumb Code    26  strncpy.o(.text)
    strlen                                   0x0800022b   Thumb Code    14  strlen.o(.text)
    strcmp                                   0x08000239   Thumb Code    28  strcmp.o(.text)
    strncmp                                  0x08000255   Thumb Code    30  strncmp.o(.text)
    strtok                                   0x08000275   Thumb Code    68  strtok.o(.text)
    strtol                                   0x080002bd   Thumb Code   108  strtol.o(.text)
    strtoul                                  0x0800032d   Thumb Code   118  strtoul.o(.text)
    __aeabi_llsl                             0x080003a3   Thumb Code    32  llshl.o(.text)
    _ll_shift_l                              0x080003a3   Thumb Code     0  llshl.o(.text)
    __aeabi_llsr                             0x080003c3   Thumb Code    34  llushr.o(.text)
    _ll_ushift_r                             0x080003c3   Thumb Code     0  llushr.o(.text)
    __rt_ctype_table                         0x080003e5   Thumb Code     4  ctype_o.o(.text)
    _strtoul                                 0x080003ed   Thumb Code   166  _strtoul.o(.text)
    __I$use$fp                               0x08000493   Thumb Code     0  iusefp.o(.text)
    __aeabi_dadd                             0x08000495   Thumb Code   328  dadd.o(.text)
    __aeabi_dsub                             0x080005dd   Thumb Code    12  dadd.o(.text)
    __aeabi_drsub                            0x080005e9   Thumb Code    12  dadd.o(.text)
    __aeabi_dmul                             0x080005f9   Thumb Code   202  dmul.o(.text)
    __aeabi_ddiv                             0x080006c9   Thumb Code   234  ddiv.o(.text)
    __aeabi_d2ulz                            0x080007b9   Thumb Code    54  dfixul.o(.text)
    __aeabi_cdrcmple                         0x080007f9   Thumb Code    38  cdrcmple.o(.text)
    __scatterload                            0x08000821   Thumb Code    28  init.o(.text)
    __scatterload_rt2                        0x08000821   Thumb Code     0  init.o(.text)
    __aeabi_lasr                             0x08000845   Thumb Code    38  llsshr.o(.text)
    _ll_sshift_r                             0x08000845   Thumb Code     0  llsshr.o(.text)
    _chval                                   0x0800086b   Thumb Code    30  _chval.o(.text)
    _double_round                            0x08000889   Thumb Code    26  depilogue.o(.text)
    _double_epilogue                         0x080008a3   Thumb Code   164  depilogue.o(.text)
    CS_OLED_Init                             0x08000949   Thumb Code   402  oled.o(i.CS_OLED_Init)
    CS_Reg_Send_Data                         0x08000ae1   Thumb Code    52  usart.o(i.CS_Reg_Send_Data)
    Coarse_delay_us                          0x08000b21   Thumb Code    22  dht11.o(i.Coarse_delay_us)
    DHT11_Check                              0x08000b3d   Thumb Code    28  dht11.o(i.DHT11_Check)
    DHT11_READ_BIT                           0x08000b8d   Thumb Code    50  dht11.o(i.DHT11_READ_BIT)
    DHT11_READ_BYTE                          0x08000bc5   Thumb Code    34  dht11.o(i.DHT11_READ_BYTE)
    DHT11_READ_DATA                          0x08000be9   Thumb Code    88  dht11.o(i.DHT11_READ_DATA)
    DHT11_START                              0x08000c49   Thumb Code    32  dht11.o(i.DHT11_START)
    Error_Handler                            0x08000c6d   Thumb Code     4  main.o(i.Error_Handler)
    HAL_DMA_Abort                            0x08000c71   Thumb Code   112  stm32g0xx_hal_dma.o(i.HAL_DMA_Abort)
    HAL_DMA_Abort_IT                         0x08000ce5   Thumb Code   118  stm32g0xx_hal_dma.o(i.HAL_DMA_Abort_IT)
    HAL_Delay                                0x08000d61   Thumb Code    32  stm32g0xx_hal.o(i.HAL_Delay)
    HAL_GPIO_Init                            0x08000d85   Thumb Code   330  stm32g0xx_hal_gpio.o(i.HAL_GPIO_Init)
    HAL_GPIO_ReadPin                         0x08000ee1   Thumb Code    10  stm32g0xx_hal_gpio.o(i.HAL_GPIO_ReadPin)
    HAL_GPIO_WritePin                        0x08000eeb   Thumb Code    12  stm32g0xx_hal_gpio.o(i.HAL_GPIO_WritePin)
    HAL_GetTick                              0x08000ef9   Thumb Code     6  stm32g0xx_hal.o(i.HAL_GetTick)
    HAL_GetUIDw0                             0x08000f05   Thumb Code     6  stm32g0xx_hal.o(i.HAL_GetUIDw0)
    HAL_GetUIDw1                             0x08000f11   Thumb Code     6  stm32g0xx_hal.o(i.HAL_GetUIDw1)
    HAL_GetUIDw2                             0x08000f1d   Thumb Code     6  stm32g0xx_hal.o(i.HAL_GetUIDw2)
    HAL_IncTick                              0x08000f29   Thumb Code    12  stm32g0xx_hal.o(i.HAL_IncTick)
    HAL_Init                                 0x08000f39   Thumb Code    36  stm32g0xx_hal.o(i.HAL_Init)
    HAL_InitTick                             0x08000f61   Thumb Code    64  stm32g0xx_hal.o(i.HAL_InitTick)
    HAL_MspInit                              0x08000fa9   Thumb Code    38  stm32g0xx_hal_msp.o(i.HAL_MspInit)
    HAL_NVIC_EnableIRQ                       0x08000fd5   Thumb Code    18  stm32g0xx_hal_cortex.o(i.HAL_NVIC_EnableIRQ)
    HAL_NVIC_SetPriority                     0x08000fed   Thumb Code     8  stm32g0xx_hal_cortex.o(i.HAL_NVIC_SetPriority)
    HAL_PWREx_ControlVoltageScaling          0x08000ff5   Thumb Code    62  stm32g0xx_hal_pwr_ex.o(i.HAL_PWREx_ControlVoltageScaling)
    HAL_RCCEx_PeriphCLKConfig                0x08001041   Thumb Code   420  stm32g0xx_hal_rcc_ex.o(i.HAL_RCCEx_PeriphCLKConfig)
    HAL_RCC_ClockConfig                      0x080011f1   Thumb Code   318  stm32g0xx_hal_rcc.o(i.HAL_RCC_ClockConfig)
    HAL_RCC_GetHCLKFreq                      0x08001349   Thumb Code     6  stm32g0xx_hal_rcc.o(i.HAL_RCC_GetHCLKFreq)
    HAL_RCC_GetPCLK1Freq                     0x08001355   Thumb Code    26  stm32g0xx_hal_rcc.o(i.HAL_RCC_GetPCLK1Freq)
    HAL_RCC_GetSysClockFreq                  0x0800137d   Thumb Code   130  stm32g0xx_hal_rcc.o(i.HAL_RCC_GetSysClockFreq)
    HAL_RCC_OscConfig                        0x08001409   Thumb Code   970  stm32g0xx_hal_rcc.o(i.HAL_RCC_OscConfig)
    HAL_SYSTICK_Config                       0x080017f9   Thumb Code    38  stm32g0xx_hal_cortex.o(i.HAL_SYSTICK_Config)
    HAL_UARTEx_DisableFifoMode               0x08001829   Thumb Code    60  stm32g0xx_hal_uart_ex.o(i.HAL_UARTEx_DisableFifoMode)
    HAL_UARTEx_RxEventCallback               0x08001865   Thumb Code     2  stm32g0xx_hal_uart.o(i.HAL_UARTEx_RxEventCallback)
    HAL_UARTEx_RxFifoFullCallback            0x08001867   Thumb Code     2  stm32g0xx_hal_uart_ex.o(i.HAL_UARTEx_RxFifoFullCallback)
    HAL_UARTEx_SetRxFifoThreshold            0x08001869   Thumb Code    72  stm32g0xx_hal_uart_ex.o(i.HAL_UARTEx_SetRxFifoThreshold)
    HAL_UARTEx_SetTxFifoThreshold            0x080018b1   Thumb Code    70  stm32g0xx_hal_uart_ex.o(i.HAL_UARTEx_SetTxFifoThreshold)
    HAL_UARTEx_TxFifoEmptyCallback           0x080018f7   Thumb Code     2  stm32g0xx_hal_uart_ex.o(i.HAL_UARTEx_TxFifoEmptyCallback)
    HAL_UARTEx_WakeupCallback                0x080018f9   Thumb Code     2  stm32g0xx_hal_uart_ex.o(i.HAL_UARTEx_WakeupCallback)
    HAL_UART_ErrorCallback                   0x080018fb   Thumb Code     2  stm32g0xx_hal_uart.o(i.HAL_UART_ErrorCallback)
    HAL_UART_IRQHandler                      0x080018fd   Thumb Code   594  stm32g0xx_hal_uart.o(i.HAL_UART_IRQHandler)
    HAL_UART_Init                            0x08001b61   Thumb Code   108  stm32g0xx_hal_uart.o(i.HAL_UART_Init)
    HAL_UART_MspInit                         0x08001bcd   Thumb Code   170  usart.o(i.HAL_UART_MspInit)
    HAL_UART_Receive                         0x08001c89   Thumb Code   272  stm32g0xx_hal_uart.o(i.HAL_UART_Receive)
    HAL_UART_Transmit                        0x08001d9d   Thumb Code   216  stm32g0xx_hal_uart.o(i.HAL_UART_Transmit)
    HAL_UART_TxCpltCallback                  0x08001e75   Thumb Code     2  stm32g0xx_hal_uart.o(i.HAL_UART_TxCpltCallback)
    HardFault_Handler                        0x08001e77   Thumb Code     2  stm32g0xx_it.o(i.HardFault_Handler)
    MX_GPIO_Init                             0x08001e79   Thumb Code   182  gpio.o(i.MX_GPIO_Init)
    MX_USART1_UART_Init                      0x08001f41   Thumb Code    96  usart.o(i.MX_USART1_UART_Init)
    MX_USART2_UART_Init                      0x08001fa9   Thumb Code    50  usart.o(i.MX_USART2_UART_Init)
    NMI_Handler                              0x08001fe5   Thumb Code     2  stm32g0xx_it.o(i.NMI_Handler)
    OLED_Clear                               0x08001fe7   Thumb Code    60  oled.o(i.OLED_Clear)
    OLED_Set_Pos                             0x08002023   Thumb Code    40  oled.o(i.OLED_Set_Pos)
    OLED_ShowChar                            0x0800204d   Thumb Code    86  oled.o(i.OLED_ShowChar)
    OLED_ShowString                          0x080020a9   Thumb Code    46  oled.o(i.OLED_ShowString)
    OLED_WR_Byte                             0x080020d7   Thumb Code    94  oled.o(i.OLED_WR_Byte)
    PendSV_Handler                           0x08002135   Thumb Code     2  stm32g0xx_it.o(i.PendSV_Handler)
    SVC_Handler                              0x08002137   Thumb Code     2  stm32g0xx_it.o(i.SVC_Handler)
    SysTick_Handler                          0x08002139   Thumb Code     8  stm32g0xx_it.o(i.SysTick_Handler)
    SystemClock_Config                       0x08002141   Thumb Code   136  main.o(i.SystemClock_Config)
    SystemInit                               0x080021c9   Thumb Code    10  system_stm32g0xx.o(i.SystemInit)
    UART_AdvFeatureConfig                    0x08002239   Thumb Code   202  stm32g0xx_hal_uart.o(i.UART_AdvFeatureConfig)
    UART_CheckIdleState                      0x08002305   Thumb Code    94  stm32g0xx_hal_uart.o(i.UART_CheckIdleState)
    UART_SetConfig                           0x080023b5   Thumb Code   488  stm32g0xx_hal_uart.o(i.UART_SetConfig)
    UART_WaitOnFlagUntilTimeout              0x080025c5   Thumb Code   156  stm32g0xx_hal_uart.o(i.UART_WaitOnFlagUntilTimeout)
    USART1_IRQHandler                        0x08002661   Thumb Code    16  stm32g0xx_it.o(i.USART1_IRQHandler)
    USART2_IRQHandler                        0x08002675   Thumb Code    16  stm32g0xx_it.o(i.USART2_IRQHandler)
    USART2_printf                            0x08002689   Thumb Code    58  usart.o(i.USART2_printf)
    USART_Interupt_Enable                    0x080026cd   Thumb Code    54  usart.o(i.USART_Interupt_Enable)
    USER_UartHandler                         0x08002709   Thumb Code   186  usart.o(i.USER_UartHandler)
    __0printf                                0x080027dd   Thumb Code    24  printfa.o(i.__0printf)
    __1printf                                0x080027dd   Thumb Code     0  printfa.o(i.__0printf)
    __2printf                                0x080027dd   Thumb Code     0  printfa.o(i.__0printf)
    __c89printf                              0x080027dd   Thumb Code     0  printfa.o(i.__0printf)
    printf                                   0x080027dd   Thumb Code     0  printfa.o(i.__0printf)
    __0snprintf                              0x080027fd   Thumb Code    38  printfa.o(i.__0snprintf)
    __1snprintf                              0x080027fd   Thumb Code     0  printfa.o(i.__0snprintf)
    __2snprintf                              0x080027fd   Thumb Code     0  printfa.o(i.__0snprintf)
    __c89snprintf                            0x080027fd   Thumb Code     0  printfa.o(i.__0snprintf)
    snprintf                                 0x080027fd   Thumb Code     0  printfa.o(i.__0snprintf)
    __0sprintf                               0x08002829   Thumb Code    36  printfa.o(i.__0sprintf)
    __1sprintf                               0x08002829   Thumb Code     0  printfa.o(i.__0sprintf)
    __2sprintf                               0x08002829   Thumb Code     0  printfa.o(i.__0sprintf)
    __c89sprintf                             0x08002829   Thumb Code     0  printfa.o(i.__0sprintf)
    sprintf                                  0x08002829   Thumb Code     0  printfa.o(i.__0sprintf)
    __0vsprintf                              0x08002851   Thumb Code    30  printfa.o(i.__0vsprintf)
    __1vsprintf                              0x08002851   Thumb Code     0  printfa.o(i.__0vsprintf)
    __2vsprintf                              0x08002851   Thumb Code     0  printfa.o(i.__0vsprintf)
    __c89vsprintf                            0x08002851   Thumb Code     0  printfa.o(i.__0vsprintf)
    vsprintf                                 0x08002851   Thumb Code     0  printfa.o(i.__0vsprintf)
    __ARM_clz                                0x08002875   Thumb Code    46  depilogue.o(i.__ARM_clz)
    __ARM_common_switch8                     0x080028a3   Thumb Code    26  wwsn_control_utils.o(i.__ARM_common_switch8)
    __aeabi_errno_addr                       0x08002901   Thumb Code     4  errno.o(i.__aeabi_errno_addr)
    __rt_errno_addr                          0x08002901   Thumb Code     0  errno.o(i.__aeabi_errno_addr)
    __free$realloc                           0x08002909   Thumb Code    94  mallocr.o(i.__free$realloc)
    malloc                                   0x0800296d   Thumb Code    54  mallocr.o(i.__malloc$realloc)
    __scatterload_copy                       0x080029b5   Thumb Code    14  handlers.o(i.__scatterload_copy)
    __scatterload_null                       0x080029c3   Thumb Code     2  handlers.o(i.__scatterload_null)
    __scatterload_zeroinit                   0x080029c5   Thumb Code    14  handlers.o(i.__scatterload_zeroinit)
    addRoutingEntry                          0x08003285   Thumb Code   234  wwsn_lora_route.o(i.addRoutingEntry)
    applyControlCommand                      0x0800337d   Thumb Code   238  wwsn_control_utils.o(i.applyControlCommand)
    cmdFromString                            0x080034ad   Thumb Code    88  wwsn_control_utils.o(i.cmdFromString)
    cmdToString                              0x0800352d   Thumb Code    40  wwsn_control_utils.o(i.cmdToString)
    configureModule                          0x08003581   Thumb Code    30  wwsn_lora_route.o(i.configureModule)
    configureModuleRegisters                 0x080035a5   Thumb Code   128  wwsn_lora_route.o(i.configureModuleRegisters)
    cstxInitialize                           0x0800362d   Thumb Code   144  gpio.o(i.cstxInitialize)
    cstx_reg_Receive_Data                    0x080036c1   Thumb Code    48  usart.o(i.cstx_reg_Receive_Data)
    decideMalicious                          0x080036f9   Thumb Code    48  wwsn_control_utils.o(i.decideMalicious)
    deleteRoutingEntry                       0x08003731   Thumb Code    44  wwsn_lora_route.o(i.deleteRoutingEntry)
    fabricateSniffData                       0x08003765   Thumb Code    24  wwsn_control_utils.o(i.fabricateSniffData)
    findRoute                                0x0800377d   Thumb Code    94  wwsn_lora_route.o(i.findRoute)
    findSniffID                              0x080037ed   Thumb Code    40  wwsn_rx.o(i.findSniffID)
    fputc                                    0x0800381d   Thumb Code    18  usart.o(i.fputc)
    getDeviceUID                             0x08003839   Thumb Code    22  wwsn_control_utils.o(i.getDeviceUID)
    getEnvirRSSI                             0x08003851   Thumb Code   104  wwsn_lora_route.o(i.getEnvirRSSI)
    handleReceivedPacket                     0x08003905   Thumb Code    92  wwsn_rx.o(i.handleReceivedPacket)
    initControlCache                         0x08003965   Thumb Code    30  wwsn_control_utils.o(i.initControlCache)
    initDeviceUID                            0x08003989   Thumb Code    32  wwsn_control_utils.o(i.initDeviceUID)
    initRouteReqCache                        0x080039c9   Thumb Code    28  wwsn_control_utils.o(i.initRouteReqCache)
    isBetterRoute                            0x08003a39   Thumb Code    20  wwsn_lora_route.o(i.isBetterRoute)
    isDuplicateControl                       0x08003a4d   Thumb Code   108  wwsn_control_utils.o(i.isDuplicateControl)
    isDuplicateRouteReq                      0x08003ac1   Thumb Code    94  wwsn_control_utils.o(i.isDuplicateRouteReq)
    main                                     0x08003b29   Thumb Code   750  main.o(i.main)
    parseControlString                       0x08003f09   Thumb Code   168  wwsn_control_utils.o(i.parseControlString)
    processControlAckPacket                  0x08003fb5   Thumb Code    80  wwsn_rx.o(i.processControlAckPacket)
    processControlPacket                     0x08004011   Thumb Code   184  wwsn_rx.o(i.processControlPacket)
    processDataPacket                        0x080040d1   Thumb Code   436  wwsn_rx.o(i.processDataPacket)
    processJoinAssign                        0x0800438d   Thumb Code   176  wwsn_rx.o(i.processJoinAssign)
    processRouteReply                        0x080044f1   Thumb Code   146  wwsn_rx.o(i.processRouteReply)
    processRouteRequest                      0x08004599   Thumb Code   166  wwsn_rx.o(i.processRouteRequest)
    processStatusPacket                      0x08004649   Thumb Code    74  wwsn_rx.o(i.processStatusPacket)
    pruneRoutingTable                        0x0800469d   Thumb Code    60  wwsn_lora_route.o(i.pruneRoutingTable)
    realloc                                  0x080046e9   Thumb Code   110  mallocr.o(i.realloc)
    restoreData                              0x0800475d   Thumb Code    24  wwsn_control_utils.o(i.restoreData)
    sanitizeData                             0x08004775   Thumb Code    24  wwsn_control_utils.o(i.sanitizeData)
    seedRandom                               0x0800478d   Thumb Code    18  wwsn_control_utils.o(i.seedRandom)
    sendAckPacket                            0x080047a5   Thumb Code    68  wwsn_tx.o(i.sendAckPacket)
    sendControlAckPacket                     0x080047f1   Thumb Code   186  wwsn_tx.o(i.sendControlAckPacket)
    sendDataPacket                           0x080048e9   Thumb Code    44  wwsn_tx.o(i.sendDataPacket)
    sendJoinRequest                          0x0800491d   Thumb Code    98  wwsn_tx.o(i.sendJoinRequest)
    sendRouteReply                           0x080049ad   Thumb Code    74  wwsn_tx.o(i.sendRouteReply)
    sendRouteRequest                         0x08004a01   Thumb Code    74  wwsn_tx.o(i.sendRouteRequest)
    sendSensorData                           0x08004a55   Thumb Code   332  wwsn_runtime.o(i.sendSensorData)
    sendStatusPacket                         0x08004c11   Thumb Code   188  wwsn_tx.o(i.sendStatusPacket)
    sniff                                    0x08004d35   Thumb Code   254  wwsn_rx.o(i.sniff)
    updateNodeDisplay                        0x08004e49   Thumb Code    36  wwsn_runtime.o(i.updateNodeDisplay)
    updateOnOff                              0x08004e7d   Thumb Code    48  wwsn_control_utils.o(i.updateOnOff)
    writeAsciiData                           0x08004eb9   Thumb Code    44  wwsn_control_utils.o(i.writeAsciiData)
    F8X16                                    0x08004ee4   Data        1520  oled.o(.constdata)
    Hzk                                      0x080054d4   Data         960  oled.o(.constdata)
    UARTPrescTable                           0x08005894   Data          24  stm32g0xx_hal_uart.o(.constdata)
    AHBPrescTable                            0x080058ac   Data          64  system_stm32g0xx.o(.constdata)
    APBPrescTable                            0x080058ec   Data          32  system_stm32g0xx.o(.constdata)
    __ctype_table                            0x0800590c   Data         129  ctype_o.o(.constdata)
    Region$$Table$$Base                      0x08005a1c   Number         0  anon$$obj.o(Region$$Table)
    Region$$Table$$Limit                     0x08005a3c   Number         0  anon$$obj.o(Region$$Table)
    Dht11data                                0x20000000   Data           5  dht11.o(.data)
    nodeID                                   0x20000008   Data           1  main.o(.data)
    targetID                                 0x20000009   Data           1  main.o(.data)
    key                                      0x2000000a   Data           1  main.o(.data)
    sendRoutRequest                          0x2000000b   Data           1  main.o(.data)
    getRoutReplay                            0x2000000c   Data           1  main.o(.data)
    RSSI                                     0x2000000d   Data           1  main.o(.data)
    pendingCtrlAckValid                      0x2000000e   Data           1  main.o(.data)
    pendingCtrlAckSeq                        0x2000000f   Data           1  main.o(.data)
    pendingCtrlAckCmd                        0x20000010   Data           1  main.o(.data)
    pendingCtrlAckStatus                     0x20000011   Data           1  main.o(.data)
    roundTime                                0x20000014   Data           4  main.o(.data)
    routingTable                             0x20000018   Data           4  main.o(.data)
    routingTableSize                         0x2000001c   Data           4  main.o(.data)
    previousMillisA0                         0x20000020   Data           4  main.o(.data)
    previousRouteReq                         0x20000024   Data           4  main.o(.data)
    previousJoinReq                          0x20000028   Data           4  main.o(.data)
    lastRoutePrune                           0x2000002c   Data           4  main.o(.data)
    previousStatusReport                     0x20000030   Data           4  main.o(.data)
    cscxReg                                  0x20000034   Data          10  main.o(.data)
    csrevReg                                 0x2000003e   Data          12  main.o(.data)
    maliciousType                            0x2000004a   Data           1  main.o(.data)
    isMalicious                              0x2000004b   Data           1  main.o(.data)
    onoffEnabled                             0x2000004c   Data           1  main.o(.data)
    onoffOn                                  0x2000004d   Data           1  main.o(.data)
    onoffCount                               0x2000004e   Data           1  main.o(.data)
    dropPolicy                               0x2000004f   Data           1  main.o(.data)
    dropRate                                 0x20000050   Data           1  main.o(.data)
    RSSIkey                                  0x20000051   Data           1  main.o(.data)
    routingTableCount                        0x20000054   Data           4  main.o(.data)
    sniffTable                               0x20000058   Data           4  main.o(.data)
    sniffTableSize                           0x2000005c   Data           4  main.o(.data)
    sniffTableCount                          0x20000060   Data           4  main.o(.data)
    sniffTableSendID                         0x20000064   Data           1  main.o(.data)
    previousNotGetACK                        0x20000065   Data           1  main.o(.data)
    packetID                                 0x20000066   Data           1  main.o(.data)
    deviceUID                                0x20000068   Data           4  main.o(.data)
    nodeIDStr                                0x2000006c   Data           8  main.o(.data)
    rxConut                                  0x20000074   Data           1  usart.o(.data)
    regConut                                 0x20000076   Data           1  usart.o(.data)
    USART_RX_STA                             0x2000007a   Data           2  usart.o(.data)
    USART2_RX_STA                            0x2000007c   Data           2  usart.o(.data)
    uwTickFreq                               0x20000080   Data           1  stm32g0xx_hal.o(.data)
    uwTickPrio                               0x20000084   Data           4  stm32g0xx_hal.o(.data)
    uwTick                                   0x20000088   Data           4  stm32g0xx_hal.o(.data)
    SystemCoreClock                          0x2000008c   Data           4  system_stm32g0xx.o(.data)
    __stdout                                 0x20000098   Data           4  stdout.o(.data)
    __microlib_freelist                      0x2000009c   Data           4  mvars.o(.data)
    __microlib_freelist_initialised          0x200000a0   Data           4  mvars.o(.data)
    disOLED                                  0x200000a8   Data          24  main.o(.bss)
    routeReqCache                            0x200000c0   Data          64  main.o(.bss)
    controlCache                             0x20000100   Data          64  main.o(.bss)
    packetBUF                                0x20000140   Data          51  main.o(.bss)
    deviceUIDStr                             0x20000173   Data           9  main.o(.bss)
    USART_RX_BUF                             0x20000180   Data         256  usart.o(.bss)
    USART2_RX_BUF                            0x20000280   Data         256  usart.o(.bss)
    usart_txBuff                             0x20000380   Data         256  usart.o(.bss)
    huart1                                   0x20000480   Data         144  usart.o(.bss)
    huart2                                   0x20000510   Data         144  usart.o(.bss)
    __heap_base                              0x200005a0   Data           0  startup_stm32g031xx.o(HEAP)
    __heap_limit                             0x200007a0   Data           0  startup_stm32g031xx.o(HEAP)
    __initial_sp                             0x20000ba0   Data           0  startup_stm32g031xx.o(STACK)



==============================================================================

Memory Map of the image

  Image Entry point : 0x080000c1

  Load Region LR_IROM1 (Base: 0x08000000, Size: 0x00005ae4, Max: 0x00010000, ABSOLUTE)

    Execution Region ER_IROM1 (Base: 0x08000000, Size: 0x00005a3c, Max: 0x00010000, ABSOLUTE)

    Base Addr    Size         Type   Attr      Idx    E Section Name        Object

    0x08000000   0x000000c0   Data   RO            3    RESET               startup_stm32g031xx.o
    0x080000c0   0x00000000   Code   RO          463  * .ARM.Collect$$$$00000000  mc_p.l(entry.o)
    0x080000c0   0x00000004   Code   RO          630    .ARM.Collect$$$$00000001  mc_p.l(entry2.o)
    0x080000c4   0x00000004   Code   RO          633    .ARM.Collect$$$$00000004  mc_p.l(entry5.o)
    0x080000c8   0x00000000   Code   RO          635    .ARM.Collect$$$$00000008  mc_p.l(entry7b.o)
    0x080000c8   0x00000000   Code   RO          637    .ARM.Collect$$$$0000000A  mc_p.l(entry8b.o)
    0x080000c8   0x00000008   Code   RO          638    .ARM.Collect$$$$0000000B  mc_p.l(entry9a.o)
    0x080000d0   0x00000000   Code   RO          640    .ARM.Collect$$$$0000000D  mc_p.l(entry10a.o)
    0x080000d0   0x00000000   Code   RO          642    .ARM.Collect$$$$0000000F  mc_p.l(entry11a.o)
    0x080000d0   0x00000004   Code   RO          631    .ARM.Collect$$$$00002712  mc_p.l(entry2.o)
    0x080000d4   0x0000001c   Code   RO            4    .text               startup_stm32g031xx.o
    0x080000f0   0x0000002c   Code   RO          466    .text               mc_p.l(uidiv.o)
    0x0800011c   0x00000028   Code   RO          467    .text               mc_p.l(idiv.o)
    0x08000144   0x00000060   Code   RO          468    .text               mc_p.l(uldiv.o)
    0x080001a4   0x00000024   Code   RO          469    .text               mc_p.l(rand.o)
    0x080001c8   0x00000024   Code   RO          471    .text               mc_p.l(memcpya.o)
    0x080001ec   0x00000024   Code   RO          472    .text               mc_p.l(memseta.o)
    0x08000210   0x0000001a   Code   RO          474    .text               mc_p.l(strncpy.o)
    0x0800022a   0x0000000e   Code   RO          475    .text               mc_p.l(strlen.o)
    0x08000238   0x0000001c   Code   RO          476    .text               mc_p.l(strcmp.o)
    0x08000254   0x0000001e   Code   RO          477    .text               mc_p.l(strncmp.o)
    0x08000272   0x00000002   PAD
    0x08000274   0x00000048   Code   RO          478    .text               mc_p.l(strtok.o)
    0x080002bc   0x00000070   Code   RO          628    .text               mc_p.l(strtol.o)
    0x0800032c   0x00000076   Code   RO          629    .text               mc_p.l(strtoul.o)
    0x080003a2   0x00000020   Code   RO          645    .text               mc_p.l(llshl.o)
    0x080003c2   0x00000022   Code   RO          646    .text               mc_p.l(llushr.o)
    0x080003e4   0x00000008   Code   RO          647    .text               mc_p.l(ctype_o.o)
    0x080003ec   0x000000a6   Code   RO          668    .text               mc_p.l(_strtoul.o)
    0x08000492   0x00000000   Code   RO          669    .text               mc_p.l(iusefp.o)
    0x08000492   0x00000002   PAD
    0x08000494   0x00000164   Code   RO          670    .text               mf_p.l(dadd.o)
    0x080005f8   0x000000d0   Code   RO          671    .text               mf_p.l(dmul.o)
    0x080006c8   0x000000f0   Code   RO          672    .text               mf_p.l(ddiv.o)
    0x080007b8   0x00000040   Code   RO          673    .text               mf_p.l(dfixul.o)
    0x080007f8   0x00000028   Code   RO          674    .text               mf_p.l(cdrcmple.o)
    0x08000820   0x00000024   Code   RO          675    .text               mc_p.l(init.o)
    0x08000844   0x00000026   Code   RO          676    .text               mc_p.l(llsshr.o)
    0x0800086a   0x0000001e   Code   RO          677    .text               mc_p.l(_chval.o)
    0x08000888   0x000000be   Code   RO          678    .text               mf_p.l(depilogue.o)
    0x08000946   0x00000002   PAD
    0x08000948   0x00000198   Code   RO            7    i.CS_OLED_Init      oled.o
    0x08000ae0   0x00000040   Code   RO           76    i.CS_Reg_Send_Data  usart.o
    0x08000b20   0x0000001c   Code   RO           23    i.Coarse_delay_us   dht11.o
    0x08000b3c   0x00000020   Code   RO           24    i.DHT11_Check       dht11.o
    0x08000b5c   0x00000030   Code   RO           25    i.DHT11_GPIO_MODE_SET  dht11.o
    0x08000b8c   0x00000038   Code   RO           26    i.DHT11_READ_BIT    dht11.o
    0x08000bc4   0x00000022   Code   RO           27    i.DHT11_READ_BYTE   dht11.o
    0x08000be6   0x00000002   PAD
    0x08000be8   0x00000060   Code   RO           28    i.DHT11_READ_DATA   dht11.o
    0x08000c48   0x00000024   Code   RO           29    i.DHT11_START       dht11.o
    0x08000c6c   0x00000004   Code   RO           42    i.Error_Handler     main.o
    0x08000c70   0x00000074   Code   RO          328    i.HAL_DMA_Abort     stm32g0xx_hal_dma.o
    0x08000ce4   0x0000007c   Code   RO          329    i.HAL_DMA_Abort_IT  stm32g0xx_hal_dma.o
    0x08000d60   0x00000024   Code   RO          415    i.HAL_Delay         stm32g0xx_hal.o
    0x08000d84   0x0000015c   Code   RO          318    i.HAL_GPIO_Init     stm32g0xx_hal_gpio.o
    0x08000ee0   0x0000000a   Code   RO          320    i.HAL_GPIO_ReadPin  stm32g0xx_hal_gpio.o
    0x08000eea   0x0000000c   Code   RO          322    i.HAL_GPIO_WritePin  stm32g0xx_hal_gpio.o
    0x08000ef6   0x00000002   PAD
    0x08000ef8   0x0000000c   Code   RO          419    i.HAL_GetTick       stm32g0xx_hal.o
    0x08000f04   0x0000000c   Code   RO          422    i.HAL_GetUIDw0      stm32g0xx_hal.o
    0x08000f10   0x0000000c   Code   RO          423    i.HAL_GetUIDw1      stm32g0xx_hal.o
    0x08000f1c   0x0000000c   Code   RO          424    i.HAL_GetUIDw2      stm32g0xx_hal.o
    0x08000f28   0x00000010   Code   RO          425    i.HAL_IncTick       stm32g0xx_hal.o
    0x08000f38   0x00000028   Code   RO          426    i.HAL_Init          stm32g0xx_hal.o
    0x08000f60   0x00000048   Code   RO          427    i.HAL_InitTick      stm32g0xx_hal.o
    0x08000fa8   0x0000002c   Code   RO           99    i.HAL_MspInit       stm32g0xx_hal_msp.o
    0x08000fd4   0x00000018   Code   RO          397    i.HAL_NVIC_EnableIRQ  stm32g0xx_hal_cortex.o
    0x08000fec   0x00000008   Code   RO          401    i.HAL_NVIC_SetPriority  stm32g0xx_hal_cortex.o
    0x08000ff4   0x0000004c   Code   RO          364    i.HAL_PWREx_ControlVoltageScaling  stm32g0xx_hal_pwr_ex.o
    0x08001040   0x000001b0   Code   RO          277    i.HAL_RCCEx_PeriphCLKConfig  stm32g0xx_hal_rcc_ex.o
    0x080011f0   0x00000158   Code   RO          257    i.HAL_RCC_ClockConfig  stm32g0xx_hal_rcc.o
    0x08001348   0x0000000c   Code   RO          263    i.HAL_RCC_GetHCLKFreq  stm32g0xx_hal_rcc.o
    0x08001354   0x00000028   Code   RO          265    i.HAL_RCC_GetPCLK1Freq  stm32g0xx_hal_rcc.o
    0x0800137c   0x0000008c   Code   RO          266    i.HAL_RCC_GetSysClockFreq  stm32g0xx_hal_rcc.o
    0x08001408   0x000003f0   Code   RO          270    i.HAL_RCC_OscConfig  stm32g0xx_hal_rcc.o
    0x080017f8   0x00000030   Code   RO          405    i.HAL_SYSTICK_Config  stm32g0xx_hal_cortex.o
    0x08001828   0x0000003c   Code   RO          240    i.HAL_UARTEx_DisableFifoMode  stm32g0xx_hal_uart_ex.o
    0x08001864   0x00000002   Code   RO          175    i.HAL_UARTEx_RxEventCallback  stm32g0xx_hal_uart.o
    0x08001866   0x00000002   Code   RO          247    i.HAL_UARTEx_RxFifoFullCallback  stm32g0xx_hal_uart_ex.o
    0x08001868   0x00000048   Code   RO          248    i.HAL_UARTEx_SetRxFifoThreshold  stm32g0xx_hal_uart_ex.o
    0x080018b0   0x00000046   Code   RO          249    i.HAL_UARTEx_SetTxFifoThreshold  stm32g0xx_hal_uart_ex.o
    0x080018f6   0x00000002   Code   RO          251    i.HAL_UARTEx_TxFifoEmptyCallback  stm32g0xx_hal_uart_ex.o
    0x080018f8   0x00000002   Code   RO          252    i.HAL_UARTEx_WakeupCallback  stm32g0xx_hal_uart_ex.o
    0x080018fa   0x00000002   Code   RO          191    i.HAL_UART_ErrorCallback  stm32g0xx_hal_uart.o
    0x080018fc   0x00000264   Code   RO          194    i.HAL_UART_IRQHandler  stm32g0xx_hal_uart.o
    0x08001b60   0x0000006c   Code   RO          195    i.HAL_UART_Init     stm32g0xx_hal_uart.o
    0x08001bcc   0x000000bc   Code   RO           78    i.HAL_UART_MspInit  usart.o
    0x08001c88   0x00000114   Code   RO          198    i.HAL_UART_Receive  stm32g0xx_hal_uart.o
    0x08001d9c   0x000000d8   Code   RO          204    i.HAL_UART_Transmit  stm32g0xx_hal_uart.o
    0x08001e74   0x00000002   Code   RO          207    i.HAL_UART_TxCpltCallback  stm32g0xx_hal_uart.o
    0x08001e76   0x00000002   Code   RO           90    i.HardFault_Handler  stm32g0xx_it.o
    0x08001e78   0x000000c8   Code   RO           72    i.MX_GPIO_Init      gpio.o
    0x08001f40   0x00000068   Code   RO           79    i.MX_USART1_UART_Init  usart.o
    0x08001fa8   0x0000003c   Code   RO           80    i.MX_USART2_UART_Init  usart.o
    0x08001fe4   0x00000002   Code   RO           91    i.NMI_Handler       stm32g0xx_it.o
    0x08001fe6   0x0000003c   Code   RO            8    i.OLED_Clear        oled.o
    0x08002022   0x00000028   Code   RO           12    i.OLED_Set_Pos      oled.o
    0x0800204a   0x00000002   PAD
    0x0800204c   0x0000005c   Code   RO           14    i.OLED_ShowChar     oled.o
    0x080020a8   0x0000002e   Code   RO           16    i.OLED_ShowString   oled.o
    0x080020d6   0x0000005e   Code   RO           17    i.OLED_WR_Byte      oled.o
    0x08002134   0x00000002   Code   RO           92    i.PendSV_Handler    stm32g0xx_it.o
    0x08002136   0x00000002   Code   RO           93    i.SVC_Handler       stm32g0xx_it.o
    0x08002138   0x00000008   Code   RO           94    i.SysTick_Handler   stm32g0xx_it.o
    0x08002140   0x00000088   Code   RO           43    i.SystemClock_Config  main.o
    0x080021c8   0x00000010   Code   RO          459    i.SystemInit        system_stm32g0xx.o
    0x080021d8   0x00000060   Code   RO          253    i.UARTEx_SetNbDataToProcess  stm32g0xx_hal_uart_ex.o
    0x08002238   0x000000ca   Code   RO          209    i.UART_AdvFeatureConfig  stm32g0xx_hal_uart.o
    0x08002302   0x00000002   PAD
    0x08002304   0x00000064   Code   RO          210    i.UART_CheckIdleState  stm32g0xx_hal_uart.o
    0x08002368   0x00000014   Code   RO          211    i.UART_DMAAbortOnError  stm32g0xx_hal_uart.o
    0x0800237c   0x00000038   Code   RO          221    i.UART_EndRxTransfer  stm32g0xx_hal_uart.o
    0x080023b4   0x00000210   Code   RO          227    i.UART_SetConfig    stm32g0xx_hal_uart.o
    0x080025c4   0x0000009c   Code   RO          234    i.UART_WaitOnFlagUntilTimeout  stm32g0xx_hal_uart.o
    0x08002660   0x00000014   Code   RO           95    i.USART1_IRQHandler  stm32g0xx_it.o
    0x08002674   0x00000014   Code   RO           96    i.USART2_IRQHandler  stm32g0xx_it.o
    0x08002688   0x00000044   Code   RO           81    i.USART2_printf     usart.o
    0x080026cc   0x0000003c   Code   RO           82    i.USART_Interupt_Enable  usart.o
    0x08002708   0x000000d4   Code   RO           83    i.USER_UartHandler  usart.o
    0x080027dc   0x00000020   Code   RO          600    i.__0printf         mc_p.l(printfa.o)
    0x080027fc   0x0000002c   Code   RO          601    i.__0snprintf       mc_p.l(printfa.o)
    0x08002828   0x00000028   Code   RO          602    i.__0sprintf        mc_p.l(printfa.o)
    0x08002850   0x00000024   Code   RO          606    i.__0vsprintf       mc_p.l(printfa.o)
    0x08002874   0x0000002e   Code   RO          679    i.__ARM_clz         mf_p.l(depilogue.o)
    0x080028a2   0x0000001a   Code   RO          155    i.__ARM_common_switch8  wwsn_control_utils.o
    0x080028bc   0x00000044   Code   RO          407    i.__NVIC_SetPriority  stm32g0xx_hal_cortex.o
    0x08002900   0x00000008   Code   RO          664    i.__aeabi_errno_addr  mc_p.l(errno.o)
    0x08002908   0x00000064   Code   RO          616    i.__free$realloc    mc_p.l(mallocr.o)
    0x0800296c   0x00000048   Code   RO          617    i.__malloc$realloc  mc_p.l(mallocr.o)
    0x080029b4   0x0000000e   Code   RO          682    i.__scatterload_copy  mc_p.l(handlers.o)
    0x080029c2   0x00000002   Code   RO          683    i.__scatterload_null  mc_p.l(handlers.o)
    0x080029c4   0x0000000e   Code   RO          684    i.__scatterload_zeroinit  mc_p.l(handlers.o)
    0x080029d2   0x00000002   PAD
    0x080029d4   0x00000158   Code   RO          607    i._fp_digits        mc_p.l(printfa.o)
    0x08002b2c   0x000006ec   Code   RO          608    i._printf_core      mc_p.l(printfa.o)
    0x08003218   0x00000020   Code   RO          609    i._printf_post_padding  mc_p.l(printfa.o)
    0x08003238   0x0000002c   Code   RO          610    i._printf_pre_padding  mc_p.l(printfa.o)
    0x08003264   0x00000016   Code   RO          611    i._snputc           mc_p.l(printfa.o)
    0x0800327a   0x0000000a   Code   RO          612    i._sputc            mc_p.l(printfa.o)
    0x08003284   0x000000f8   Code   RO          102    i.addRoutingEntry   wwsn_lora_route.o
    0x0800337c   0x00000130   Code   RO          137    i.applyControlCommand  wwsn_control_utils.o
    0x080034ac   0x00000080   Code   RO          138    i.cmdFromString     wwsn_control_utils.o
    0x0800352c   0x00000054   Code   RO          139    i.cmdToString       wwsn_control_utils.o
    0x08003580   0x00000024   Code   RO          103    i.configureModule   wwsn_lora_route.o
    0x080035a4   0x00000088   Code   RO          104    i.configureModuleRegisters  wwsn_lora_route.o
    0x0800362c   0x00000094   Code   RO           73    i.cstxInitialize    gpio.o
    0x080036c0   0x00000038   Code   RO           84    i.cstx_reg_Receive_Data  usart.o
    0x080036f8   0x00000038   Code   RO          140    i.decideMalicious   wwsn_control_utils.o
    0x08003730   0x00000034   Code   RO          105    i.deleteRoutingEntry  wwsn_lora_route.o
    0x08003764   0x00000018   Code   RO          141    i.fabricateSniffData  wwsn_control_utils.o
    0x0800377c   0x00000070   Code   RO          106    i.findRoute         wwsn_lora_route.o
    0x080037ec   0x00000030   Code   RO          121    i.findSniffID       wwsn_rx.o
    0x0800381c   0x0000001c   Code   RO           85    i.fputc             usart.o
    0x08003838   0x00000016   Code   RO          142    i.getDeviceUID      wwsn_control_utils.o
    0x0800384e   0x00000002   PAD
    0x08003850   0x000000b4   Code   RO          107    i.getEnvirRSSI      wwsn_lora_route.o
    0x08003904   0x00000060   Code   RO          122    i.handleReceivedPacket  wwsn_rx.o
    0x08003964   0x00000024   Code   RO          143    i.initControlCache  wwsn_control_utils.o
    0x08003988   0x00000040   Code   RO          144    i.initDeviceUID     wwsn_control_utils.o
    0x080039c8   0x00000020   Code   RO          145    i.initRouteReqCache  wwsn_control_utils.o
    0x080039e8   0x00000050   Code   RO          618    i.internal_alloc    mc_p.l(mallocr.o)
    0x08003a38   0x00000014   Code   RO          108    i.isBetterRoute     wwsn_lora_route.o
    0x08003a4c   0x00000074   Code   RO          146    i.isDuplicateControl  wwsn_control_utils.o
    0x08003ac0   0x00000068   Code   RO          147    i.isDuplicateRouteReq  wwsn_control_utils.o
    0x08003b28   0x000003e0   Code   RO           44    i.main              main.o
    0x08003f08   0x000000ac   Code   RO          148    i.parseControlString  wwsn_control_utils.o
    0x08003fb4   0x0000005c   Code   RO          125    i.processControlAckPacket  wwsn_rx.o
    0x08004010   0x000000c0   Code   RO          126    i.processControlPacket  wwsn_rx.o
    0x080040d0   0x000002bc   Code   RO          127    i.processDataPacket  wwsn_rx.o
    0x0800438c   0x00000164   Code   RO          128    i.processJoinAssign  wwsn_rx.o
    0x080044f0   0x000000a8   Code   RO          130    i.processRouteReply  wwsn_rx.o
    0x08004598   0x000000b0   Code   RO          131    i.processRouteRequest  wwsn_rx.o
    0x08004648   0x00000054   Code   RO          132    i.processStatusPacket  wwsn_rx.o
    0x0800469c   0x0000004c   Code   RO          109    i.pruneRoutingTable  wwsn_lora_route.o
    0x080046e8   0x00000074   Code   RO          619    i.realloc           mc_p.l(mallocr.o)
    0x0800475c   0x00000018   Code   RO          149    i.restoreData       wwsn_control_utils.o
    0x08004774   0x00000018   Code   RO          150    i.sanitizeData      wwsn_control_utils.o
    0x0800478c   0x00000018   Code   RO          151    i.seedRandom        wwsn_control_utils.o
    0x080047a4   0x0000004c   Code   RO          112    i.sendAckPacket     wwsn_tx.o
    0x080047f0   0x000000f8   Code   RO          113    i.sendControlAckPacket  wwsn_tx.o
    0x080048e8   0x00000034   Code   RO          114    i.sendDataPacket    wwsn_tx.o
    0x0800491c   0x00000090   Code   RO          115    i.sendJoinRequest   wwsn_tx.o
    0x080049ac   0x00000054   Code   RO          116    i.sendRouteReply    wwsn_tx.o
    0x08004a00   0x00000054   Code   RO          117    i.sendRouteRequest  wwsn_tx.o
    0x08004a54   0x000001bc   Code   RO          158    i.sendSensorData    wwsn_runtime.o
    0x08004c10   0x00000124   Code   RO          118    i.sendStatusPacket  wwsn_tx.o
    0x08004d34   0x00000114   Code   RO          133    i.sniff             wwsn_rx.o
    0x08004e48   0x00000034   Code   RO          159    i.updateNodeDisplay  wwsn_runtime.o
    0x08004e7c   0x0000003c   Code   RO          152    i.updateOnOff       wwsn_control_utils.o
    0x08004eb8   0x0000002c   Code   RO          153    i.writeAsciiData    wwsn_control_utils.o
    0x08004ee4   0x000009b0   Data   RO           20    .constdata          oled.o
    0x08005894   0x00000018   Data   RO          235    .constdata          stm32g0xx_hal_uart.o
    0x080058ac   0x00000040   Data   RO          460    .constdata          system_stm32g0xx.o
    0x080058ec   0x00000020   Data   RO          461    .constdata          system_stm32g0xx.o
    0x0800590c   0x00000081   Data   RO          648    .constdata          mc_p.l(ctype_o.o)
    0x0800598d   0x00000003   PAD
    0x08005990   0x00000004   Data   RO          649    .constdata          mc_p.l(ctype_o.o)
    0x08005994   0x00000043   Data   RO           50    .conststring        main.o
    0x080059d7   0x00000001   PAD
    0x080059d8   0x00000043   Data   RO          134    .conststring        wwsn_rx.o
    0x08005a1b   0x00000001   PAD
    0x08005a1c   0x00000020   Data   RO          680    Region$$Table       anon$$obj.o


    Execution Region RW_IRAM1 (Base: 0x20000000, Size: 0x00000ba0, Max: 0x00002000, ABSOLUTE)

    Base Addr    Size         Type   Attr      Idx    E Section Name        Object

    0x20000000   0x00000005   Data   RW           31    .data               dht11.o
    0x20000005   0x00000003   PAD
    0x20000008   0x00000042   Data   RW           51    .data               main.o
    0x2000004a   0x00000001   Data   RW           52    .data               main.o
    0x2000004b   0x00000001   Data   RW           53    .data               main.o
    0x2000004c   0x00000001   Data   RW           54    .data               main.o
    0x2000004d   0x00000001   Data   RW           55    .data               main.o
    0x2000004e   0x00000001   Data   RW           56    .data               main.o
    0x2000004f   0x00000001   Data   RW           57    .data               main.o
    0x20000050   0x00000001   Data   RW           58    .data               main.o
    0x20000051   0x00000001   Data   RW           59    .data               main.o
    0x20000052   0x00000002   PAD
    0x20000054   0x00000004   Data   RW           60    .data               main.o
    0x20000058   0x00000004   Data   RW           61    .data               main.o
    0x2000005c   0x00000004   Data   RW           62    .data               main.o
    0x20000060   0x00000004   Data   RW           63    .data               main.o
    0x20000064   0x00000001   Data   RW           64    .data               main.o
    0x20000065   0x00000001   Data   RW           65    .data               main.o
    0x20000066   0x00000001   Data   RW           66    .data               main.o
    0x20000067   0x00000001   PAD
    0x20000068   0x00000004   Data   RW           67    .data               main.o
    0x2000006c   0x00000008   Data   RW           69    .data               main.o
    0x20000074   0x0000000a   Data   RW           87    .data               usart.o
    0x2000007e   0x00000002   PAD
    0x20000080   0x0000000c   Data   RW          444    .data               stm32g0xx_hal.o
    0x2000008c   0x00000004   Data   RW          462    .data               system_stm32g0xx.o
    0x20000090   0x00000004   Data   RW          470    .data               mc_p.l(rand.o)
    0x20000094   0x00000004   Data   RW          479    .data               mc_p.l(strtok.o)
    0x20000098   0x00000004   Data   RW          644    .data               mc_p.l(stdout.o)
    0x2000009c   0x00000004   Data   RW          662    .data               mc_p.l(mvars.o)
    0x200000a0   0x00000004   Data   RW          663    .data               mc_p.l(mvars.o)
    0x200000a4   0x00000004   Data   RW          667    .data               mc_p.l(errno.o)
    0x200000a8   0x00000018   Zero   RW           45    .bss                main.o
    0x200000c0   0x00000040   Zero   RW           46    .bss                main.o
    0x20000100   0x00000040   Zero   RW           47    .bss                main.o
    0x20000140   0x00000033   Zero   RW           48    .bss                main.o
    0x20000173   0x00000009   Zero   RW           49    .bss                main.o
    0x2000017c   0x00000004   PAD
    0x20000180   0x00000420   Zero   RW           86    .bss                usart.o
    0x200005a0   0x00000200   Zero   RW            2    HEAP                startup_stm32g031xx.o
    0x200007a0   0x00000400   Zero   RW            1    STACK               startup_stm32g031xx.o


==============================================================================

Image component sizes


      Code (inc. data)   RO Data    RW Data    ZI Data      Debug   Object Name

       330         32          0          5          0          0   dht11.o
       348         22          0          0          0          0   gpio.o
      1132        242         67        105        212          0   main.o
       740         12       2480          0          0          0   oled.o
        28          8        192          0       1536          0   startup_stm32g031xx.o
       212         44          0         12          0          0   stm32g0xx_hal.o
       148         24          0          0          0          0   stm32g0xx_hal_cortex.o
       240         10          0          0          0          0   stm32g0xx_hal_dma.o
       370         18          0          0          0          0   stm32g0xx_hal_gpio.o
        44          6          0          0          0          0   stm32g0xx_hal_msp.o
        76         14          0          0          0          0   stm32g0xx_hal_pwr_ex.o
      1544         94          0          0          0          0   stm32g0xx_hal_rcc.o
       432         12          0          0          0          0   stm32g0xx_hal_rcc_ex.o
      2280         72         24          0          0          0   stm32g0xx_hal_uart.o
       304         16          0          0          0          0   stm32g0xx_hal_uart_ex.o
        56          8          0          0          0          0   stm32g0xx_it.o
        16          6         96          4          0          0   system_stm32g0xx.o
       840        108          0         10       1056          0   usart.o
      1344        256          0          0          0          0   wwsn_control_utils.o
       860        146          0          0          0          0   wwsn_lora_route.o
       496        128          0          0          0          0   wwsn_runtime.o
      2188        540         67          0          0          0   wwsn_rx.o
       980        248          0          0          0          0   wwsn_tx.o

    ----------------------------------------------------------------------
     15018       2066       2960        144       2808          0   Object Totals
         0          0         32          0          0          0   (incl. Generated)
        10          0          2          8          4          0   (incl. Padding)

    ----------------------------------------------------------------------

      Code (inc. data)   RO Data    RW Data    ZI Data      Debug   Library Member Name

        30          0          0          0          0          0   _chval.o
       166          0          0          0          0          0   _strtoul.o
         8          4        133          0          0          0   ctype_o.o
         0          0          0          0          0          0   entry.o
         0          0          0          0          0          0   entry10a.o
         0          0          0          0          0          0   entry11a.o
         8          4          0          0          0          0   entry2.o
         4          0          0          0          0          0   entry5.o
         0          0          0          0          0          0   entry7b.o
         0          0          0          0          0          0   entry8b.o
         8          4          0          0          0          0   entry9a.o
         8          4          0          4          0          0   errno.o
        30          0          0          0          0          0   handlers.o
        40          0          0          0          0          0   idiv.o
        36          8          0          0          0          0   init.o
         0          0          0          0          0          0   iusefp.o
        32          0          0          0          0          0   llshl.o
        38          0          0          0          0          0   llsshr.o
        34          0          0          0          0          0   llushr.o
       368         36          0          0          0          0   mallocr.o
        36          0          0          0          0          0   memcpya.o
        36          0          0          0          0          0   memseta.o
         0          0          0          8          0          0   mvars.o
      2376        114          0          0          0          0   printfa.o
        36         12          0          4          0          0   rand.o
         0          0          0          4          0          0   stdout.o
        28          0          0          0          0          0   strcmp.o
        14          0          0          0          0          0   strlen.o
        30          0          0          0          0          0   strncmp.o
        26          0          0          0          0          0   strncpy.o
        72          4          0          4          0          0   strtok.o
       112          4          0          0          0          0   strtol.o
       118          0          0          0          0          0   strtoul.o
        44          0          0          0          0          0   uidiv.o
        96          0          0          0          0          0   uldiv.o
        40          2          0          0          0          0   cdrcmple.o
       356          4          0          0          0          0   dadd.o
       240          6          0          0          0          0   ddiv.o
       236          0          0          0          0          0   depilogue.o
        64         10          0          0          0          0   dfixul.o
       208          6          0          0          0          0   dmul.o

    ----------------------------------------------------------------------
      4986        222        136         24          0          0   Library Totals
         8          0          3          0          0          0   (incl. Padding)

    ----------------------------------------------------------------------

      Code (inc. data)   RO Data    RW Data    ZI Data      Debug   Library Name

      3834        194        133         24          0          0   mc_p.l
      1144         28          0          0          0          0   mf_p.l

    ----------------------------------------------------------------------
      4986        222        136         24          0          0   Library Totals

    ----------------------------------------------------------------------

==============================================================================


      Code (inc. data)   RO Data    RW Data    ZI Data      Debug   

     20004       2288       3096        168       2808          0   Grand Totals
     20004       2288       3096        168       2808          0   ELF Image Totals
     20004       2288       3096        168          0          0   ROM Totals

==============================================================================

    Total RO  Size (Code + RO Data)                23100 (  22.56kB)
    Total RW  Size (RW Data + ZI Data)              2976 (   2.91kB)
    Total ROM Size (Code + RO Data + RW Data)      23268 (  22.72kB)

==============================================================================

